Product: MDK-ARM Standard 5.10
Component: ARM Compiler 5.04 update 1 (build 49)
Tool: armlink [5040049]

==============================================================================

Section Cross References

    system_stm32f4xx.o(i.SystemCoreClockUpdate) refers to system_stm32f4xx.o(.data) for SystemCoreClock
    system_stm32f4xx.o(i.SystemInit) refers to system_stm32f4xx.o(i.SetSysClock) for SetSysClock
    startup_stm32f4xx.o(RESET) refers to startup_stm32f4xx.o(STACK) for __initial_sp
    startup_stm32f4xx.o(RESET) refers to startup_stm32f4xx.o(.text) for Reset_Handler
    startup_stm32f4xx.o(RESET) refers to stm32f4xx_it.o(i.NMI_Handler) for NMI_Handler
    startup_stm32f4xx.o(RESET) refers to stm32f4xx_it.o(i.HardFault_Handler) for HardFault_Handler
    startup_stm32f4xx.o(RESET) refers to stm32f4xx_it.o(i.MemManage_Handler) for MemManage_Handler
    startup_stm32f4xx.o(RESET) refers to stm32f4xx_it.o(i.BusFault_Handler) for BusFault_Handler
    startup_stm32f4xx.o(RESET) refers to stm32f4xx_it.o(i.UsageFault_Handler) for UsageFault_Handler
    startup_stm32f4xx.o(RESET) refers to stm32f4xx_it.o(i.SVC_Handler) for SVC_Handler
    startup_stm32f4xx.o(RESET) refers to stm32f4xx_it.o(i.DebugMon_Handler) for DebugMon_Handler
    startup_stm32f4xx.o(RESET) refers to stm32f4xx_it.o(i.PendSV_Handler) for PendSV_Handler
    startup_stm32f4xx.o(RESET) refers to stm32f4xx_it.o(i.SysTick_Handler) for SysTick_Handler
    startup_stm32f4xx.o(RESET) refers to adc_yz.o(i.ADC_IRQHandler) for ADC_IRQHandler
    startup_stm32f4xx.o(RESET) refers to data_collection.o(i.TIM2_IRQHandler) for TIM2_IRQHandler
    startup_stm32f4xx.o(RESET) refers to data_collection.o(i.TIM3_IRQHandler) for TIM3_IRQHandler
    startup_stm32f4xx.o(RESET) refers to stm32f4xx_it.o(i.EXTI15_10_IRQHandler) for EXTI15_10_IRQHandler
    startup_stm32f4xx.o(.text) refers to system_stm32f4xx.o(i.SystemInit) for SystemInit
    startup_stm32f4xx.o(.text) refers to entry.o(.ARM.Collect$$$$00000000) for __main
    main.o(i.fputc) refers to stm32f4xx_usart.o(i.USART_SendData) for USART_SendData
    main.o(i.main) refers to data_collection.o(i.USART1_init) for USART1_init
    main.o(i.main) refers to stm32f4x7_eth_bsp.o(i.ETH_BSP_Config) for ETH_BSP_Config
    main.o(i.main) refers to netconf.o(i.LwIP_Init) for LwIP_Init
    main.o(i.main) refers to data_collection.o(i.TIM3_Int_Init) for TIM3_Int_Init
    main.o(i.main) refers to stm32f4_gpio_int.o(i.GPIO_In_Config) for GPIO_In_Config
    main.o(i.main) refers to stm32f4_gpio_int.o(i.GPIO_Out_Config) for GPIO_Out_Config
    main.o(i.main) refers to rectify.o(i.Init_Rectify_Data) for Init_Rectify_Data
    main.o(i.main) refers to sample.o(i.Init_Sample_Data) for Init_Sample_Data
    main.o(i.main) refers to adc_yz.o(i.ADC_Init_YZ) for ADC_Init_YZ
    main.o(i.main) refers to stm32f4xx_gpio.o(i.GPIO_WriteBit) for GPIO_WriteBit
    main.o(i.main) refers to printf1.o(i.__0printf$1) for __2printf
    main.o(i.main) refers to data_collection.o(i.Data_collection) for Data_collection
    main.o(i.main) refers to adc_yz.o(i.ADC_StartCnv) for ADC_StartCnv
    main.o(i.main) refers to sample.o(i.Sample_Data) for Sample_Data
    main.o(i.main) refers to execute.o(i.Vehicle_State_Detect) for Vehicle_State_Detect
    main.o(i.main) refers to execute.o(i.Wheel_Pos_Control) for Wheel_Pos_Control
    main.o(i.main) refers to rectify.o(i.Analyse_RectifyData) for Analyse_RectifyData
    main.o(i.main) refers to rectify.o(i.Rectify) for Rectify
    main.o(i.main) refers to execute.o(i.Adjust_Deflect) for Adjust_Deflect
    main.o(i.main) refers to stm32f4x7_eth.o(i.ETH_CheckFrameReceived) for ETH_CheckFrameReceived
    main.o(i.main) refers to netconf.o(i.LwIP_Pkt_Handle) for LwIP_Pkt_Handle
    main.o(i.main) refers to netconf.o(i.LwIP_Periodic_Handle) for LwIP_Periodic_Handle
    main.o(i.main) refers to main.o(.data) for LCD_Interface1
    netconf.o(i.LwIP_Init) refers to mem.o(i.mem_init) for mem_init
    netconf.o(i.LwIP_Init) refers to memp.o(i.memp_init) for memp_init
    netconf.o(i.LwIP_Init) refers to inet.o(i.htonl) for htonl
    netconf.o(i.LwIP_Init) refers to printf1.o(i.__0sprintf$1) for __2sprintf
    netconf.o(i.LwIP_Init) refers to stm324xg_eval_lcd.o(i.LCD_GetFont) for LCD_GetFont
    netconf.o(i.LwIP_Init) refers to stm324xg_eval_lcd.o(i.LCD_DisplayStringLine) for LCD_DisplayStringLine
    netconf.o(i.LwIP_Init) refers to netif.o(i.netif_add) for netif_add
    netconf.o(i.LwIP_Init) refers to netif.o(i.netif_set_default) for netif_set_default
    netconf.o(i.LwIP_Init) refers to netif.o(i.netif_set_up) for netif_set_up
    netconf.o(i.LwIP_Init) refers to etharp.o(i.ethernet_input) for ethernet_input
    netconf.o(i.LwIP_Init) refers to ethernetif.o(i.ethernetif_init) for ethernetif_init
    netconf.o(i.LwIP_Init) refers to netconf.o(.bss) for netif
    netconf.o(i.LwIP_Periodic_Handle) refers to tcp.o(i.tcp_tmr) for tcp_tmr
[...]
    __I$use$fp                               0x080006cb   Thumb Code     0  iusefp.o(.text)
    _double_round                            0x080006cb   Thumb Code    26  depilogue.o(.text)
    _double_epilogue                         0x080006e5   Thumb Code   156  depilogue.o(.text)
    __ARM_scalbn                             0x08000781   Thumb Code    46  dscalb.o(.text)
    scalbn                                   0x08000781   Thumb Code     0  dscalb.o(.text)
    _dsqrt                                   0x080007af   Thumb Code   162  dsqrt.o(.text)
    __scatterload                            0x08000851   Thumb Code    28  init.o(.text)
    __scatterload_rt2                        0x08000851   Thumb Code     0  init.o(.text)
    __decompress                             0x08000875   Thumb Code     0  __dczerorl2.o(.text)
    __decompress1                            0x08000875   Thumb Code    86  __dczerorl2.o(.text)
    ADC_GetCnv                               0x080008cd   Thumb Code     6  adc_yz.o(i.ADC_GetCnv)
    ADC_IRQHandler                           0x080008d9   Thumb Code    46  adc_yz.o(i.ADC_IRQHandler)
    ADC_Init_YZ                              0x08000919   Thumb Code   198  adc_yz.o(i.ADC_Init_YZ)
    ADC_StartCnv                             0x080009f1   Thumb Code    22  adc_yz.o(i.ADC_StartCnv)
    Adjust_Deflect                           0x08000a15   Thumb Code  2206  execute.o(i.Adjust_Deflect)
    Analyse_Data                             0x080012c1   Thumb Code    16  sample.o(i.Analyse_Data)
    Analyse_RectifyData                      0x080012d9   Thumb Code  1302  rectify.o(i.Analyse_RectifyData)
    BusFault_Handler                         0x08001821   Thumb Code     4  stm32f4xx_it.o(i.BusFault_Handler)
    Control_Mid_Relay                        0x08001825   Thumb Code     2  execute.o(i.Control_Mid_Relay)
    Data_collection                          0x08001829   Thumb Code   236  data_collection.o(i.Data_collection)
    DebugMon_Handler                         0x0800194d   Thumb Code     2  stm32f4xx_it.o(i.DebugMon_Handler)
    Draw_Wheel                               0x08001951   Thumb Code    94  execute.o(i.Draw_Wheel)
    Drive_Judge                              0x080019c5   Thumb Code   228  rectify.o(i.Drive_Judge)
    ETH_BSP_Config                           0x08001ac5   Thumb Code   166  stm32f4x7_eth_bsp.o(i.ETH_BSP_Config)
    ETH_CheckFrameReceived                   0x08001ba1   Thumb Code   190  stm32f4x7_eth.o(i.ETH_CheckFrameReceived)
    ETH_DMAReceptionCmd                      0x08001c69   Thumb Code    30  stm32f4x7_eth.o(i.ETH_DMAReceptionCmd)
    ETH_DMARxDescChainInit                   0x08001c8d   Thumb Code    82  stm32f4x7_eth.o(i.ETH_DMARxDescChainInit)
    ETH_DMATransmissionCmd                   0x08001cf1   Thumb Code    30  stm32f4x7_eth.o(i.ETH_DMATransmissionCmd)
    ETH_DMATxDescChainInit                   0x08001d15   Thumb Code    70  stm32f4x7_eth.o(i.ETH_DMATxDescChainInit)
    ETH_DMATxDescChecksumInsertionConfig     0x08001d65   Thumb Code     8  stm32f4x7_eth.o(i.ETH_DMATxDescChecksumInsertionConfig)
    ETH_DeInit                               0x08001d6d   Thumb Code    22  stm32f4x7_eth.o(i.ETH_DeInit)
    ETH_FlushTransmitFIFO                    0x08001da1   Thumb Code    14  stm32f4x7_eth.o(i.ETH_FlushTransmitFIFO)
    ETH_GetSoftwareResetStatus               0x08001f19   Thumb Code    20  stm32f4x7_eth.o(i.ETH_GetSoftwareResetStatus)
    ETH_Get_Received_Frame                   0x08001f31   Thumb Code    82  stm32f4x7_eth.o(i.ETH_Get_Received_Frame)
    ETH_Init                                 0x08001f8d   Thumb Code   620  stm32f4x7_eth.o(i.ETH_Init)
    ETH_MACAddressConfig                     0x08002225   Thumb Code    46  stm32f4x7_eth.o(i.ETH_MACAddressConfig)
    ETH_MACReceptionCmd                      0x080022e1   Thumb Code    30  stm32f4x7_eth.o(i.ETH_MACReceptionCmd)
    ETH_MACTransmissionCmd                   0x08002305   Thumb Code    30  stm32f4x7_eth.o(i.ETH_MACTransmissionCmd)
    ETH_Prepare_Transmit_Descriptors         0x08002329   Thumb Code   222  stm32f4x7_eth.o(i.ETH_Prepare_Transmit_Descriptors)
    ETH_ReadPHYRegister                      0x08002411   Thumb Code    98  stm32f4x7_eth.o(i.ETH_ReadPHYRegister)
    ETH_SoftwareReset                        0x0800247d   Thumb Code    14  stm32f4x7_eth.o(i.ETH_SoftwareReset)
    ETH_Start                                0x08002491   Thumb Code    32  stm32f4x7_eth.o(i.ETH_Start)
    ETH_StructInit                           0x080024b1   Thumb Code   178  stm32f4x7_eth.o(i.ETH_StructInit)
    ETH_WritePHYRegister                     0x08002565   Thumb Code    96  stm32f4x7_eth.o(i.ETH_WritePHYRegister)
    EXTI15_10_IRQHandler                     0x080025cd   Thumb Code     2  stm32f4xx_it.o(i.EXTI15_10_IRQHandler)
    Eth_Link_EXTIConfig                      0x080025d1   Thumb Code    44  stm32f4x7_eth_bsp.o(i.Eth_Link_EXTIConfig)
    Eth_Link_PHYITConfig                     0x08002601   Thumb Code    70  stm32f4x7_eth_bsp.o(i.Eth_Link_PHYITConfig)
    Find_REF                                 0x08002649   Thumb Code  4086  data_collection.o(i.Find_REF)
    GPIO_In_Config                           0x08003675   Thumb Code   120  stm32f4_gpio_int.o(i.GPIO_In_Config)
    GPIO_Init                                0x08003701   Thumb Code   144  stm32f4xx_gpio.o(i.GPIO_Init)
    GPIO_Out_Config                          0x08003791   Thumb Code   172  stm32f4_gpio_int.o(i.GPIO_Out_Config)
    GPIO_PinAFConfig                         0x0800384d   Thumb Code    70  stm32f4xx_gpio.o(i.GPIO_PinAFConfig)
    GPIO_ReadInputDataBit                    0x08003893   Thumb Code    18  stm32f4xx_gpio.o(i.GPIO_ReadInputDataBit)
    GPIO_WriteBit                            0x080038a5   Thumb Code    10  stm32f4xx_gpio.o(i.GPIO_WriteBit)
    HardFault_Handler                        0x080038af   Thumb Code     4  stm32f4xx_it.o(i.HardFault_Handler)
    Init_Rectify_Data                        0x080038b5   Thumb Code    40  rectify.o(i.Init_Rectify_Data)
    Init_Sample_Data                         0x080038fd   Thumb Code    40  sample.o(i.Init_Sample_Data)
    LCD_DisplayChar                          0x0800393d   Thumb Code    42  stm324xg_eval_lcd.o(i.LCD_DisplayChar)
    LCD_DisplayStringLine                    0x0800396d   Thumb Code    72  stm324xg_eval_lcd.o(i.LCD_DisplayStringLine)
    LCD_DrawChar                             0x080039b9   Thumb Code   160  stm324xg_eval_lcd.o(i.LCD_DrawChar)
    LCD_GetFont                              0x08003a65   Thumb Code     6  stm324xg_eval_lcd.o(i.LCD_GetFont)
    LCD_SetBackColor                         0x08003a71   Thumb Code    12  stm324xg_eval_lcd.o(i.LCD_SetBackColor)
    LCD_SetCursor                            0x08003a81   Thumb Code    24  stm324xg_eval_lcd.o(i.LCD_SetCursor)
    LCD_SetTextColor                         0x08003a99   Thumb Code    12  stm324xg_eval_lcd.o(i.LCD_SetTextColor)
    LCD_WriteRAM                             0x08003aa9   Thumb Code     8  stm324xg_eval_lcd.o(i.LCD_WriteRAM)
    LCD_WriteRAM_Prepare                     0x08003ab1   Thumb Code    10  stm324xg_eval_lcd.o(i.LCD_WriteRAM_Prepare)
    LCD_WriteReg                             0x08003abb   Thumb Code    10  stm324xg_eval_lcd.o(i.LCD_WriteReg)
    LwIP_Init                                0x08003ac5   Thumb Code   170  netconf.o(i.LwIP_Init)
    LwIP_Periodic_Handle                     0x08003ba9   Thumb Code    52  netconf.o(i.LwIP_Periodic_Handle)
    LwIP_Pkt_Handle                          0x08003be5   Thumb Code    10  netconf.o(i.LwIP_Pkt_Handle)
    MY_NVIC_Init                             0x08003bf5   Thumb Code   116  stm32f4xx_it.o(i.MY_NVIC_Init)
    MY_NVIC_PriorityGroupConfig              0x08003c6d   Thumb Code    32  stm32f4xx_it.o(i.MY_NVIC_PriorityGroupConfig)
    MemManage_Handler                        0x08003c95   Thumb Code     4  stm32f4xx_it.o(i.MemManage_Handler)
    Move_Wheel                               0x08003c99   Thumb Code    18  execute.o(i.Move_Wheel)
    NMI_Handler                              0x08003cab   Thumb Code     2  stm32f4xx_it.o(i.NMI_Handler)
    PendSV_Handler                           0x08003cad   Thumb Code     2  stm32f4xx_it.o(i.PendSV_Handler)
    Push_Wheel                               0x08003cb1   Thumb Code    88  execute.o(i.Push_Wheel)
    RCC_AHB1PeriphClockCmd                   0x08003d1d   Thumb Code    26  stm32f4xx_rcc.o(i.RCC_AHB1PeriphClockCmd)
    RCC_AHB1PeriphResetCmd                   0x08003d3d   Thumb Code    26  stm32f4xx_rcc.o(i.RCC_AHB1PeriphResetCmd)
    RCC_APB2PeriphClockCmd                   0x08003d5d   Thumb Code    26  stm32f4xx_rcc.o(i.RCC_APB2PeriphClockCmd)
    RCC_GetClocksFreq                        0x08003d7d   Thumb Code   214  stm32f4xx_rcc.o(i.RCC_GetClocksFreq)
    RCC_MCO1Config                           0x08003e65   Thumb Code    24  stm32f4xx_rcc.o(i.RCC_MCO1Config)
    Rectify                                  0x08003e81   Thumb Code    22  rectify.o(i.Rectify)
    STM_EVAL_COMInit                         0x08003e9d   Thumb Code   182  stm324xg_eval.o(i.STM_EVAL_COMInit)
    STM_EVAL_LEDOn                           0x08003f85   Thumb Code    16  stm324xg_eval.o(i.STM_EVAL_LEDOn)
    SVC_Handler                              0x08003f9d   Thumb Code     2  stm32f4xx_it.o(i.SVC_Handler)
    SYSCFG_ETH_MediaInterfaceConfig          0x08003fa1   Thumb Code     6  stm32f4xx_syscfg.o(i.SYSCFG_ETH_MediaInterfaceConfig)
    Sample_AD                                0x08003fad   Thumb Code   240  sample.o(i.Sample_AD)
    Sample_Data                              0x080040c5   Thumb Code   108  sample.o(i.Sample_Data)
    Stop_Wheel                               0x0800422d   Thumb Code    94  execute.o(i.Stop_Wheel)
    SysTick_CLKSourceConfig                  0x080042a1   Thumb Code    40  misc.o(i.SysTick_CLKSourceConfig)
    SysTick_Handler                          0x080042c9   Thumb Code     8  stm32f4xx_it.o(i.SysTick_Handler)
    SystemInit                               0x080042d1   Thumb Code    88  system_stm32f4xx.o(i.SystemInit)
    TIM2_IRQHandler                          0x08004339   Thumb Code    34  data_collection.o(i.TIM2_IRQHandler)
    TIM3_IRQHandler                          0x08004361   Thumb Code    30  data_collection.o(i.TIM3_IRQHandler)
    TIM3_Int_Init                            0x08004389   Thumb Code    72  data_collection.o(i.TIM3_Int_Init)
    TIM_ClearITPendingBit                    0x080043d9   Thumb Code     6  stm32f4xx_it.o(i.TIM_ClearITPendingBit)
    Time_Update                              0x080043e1   Thumb Code    30  data_collection.o(i.Time_Update)
    Tr                                       0x08004409   Thumb Code    18  data_collection.o(i.Tr)
    USART1_init                              0x0800441b   Thumb Code    42  data_collection.o(i.USART1_init)
    USART_Cmd                                0x08004445   Thumb Code    24  stm32f4xx_usart.o(i.USART_Cmd)
    USART_GetFlagStatus                      0x0800445d   Thumb Code    26  stm32f4xx_usart.o(i.USART_GetFlagStatus)
    USART_Init                               0x08004479   Thumb Code   204  stm32f4xx_usart.o(i.USART_Init)
    USART_Send                               0x0800454d   Thumb Code   106  data_collection.o(i.USART_Send)
    USART_SendData                           0x080045bd   Thumb Code     8  stm32f4xx_usart.o(i.USART_SendData)
    UsageFault_Handler                       0x080045c5   Thumb Code     4  stm32f4xx_it.o(i.UsageFault_Handler)
    Vehicle_State_Detect                     0x080045c9   Thumb Code   120  execute.o(i.Vehicle_State_Detect)
    Wheel_Pos_Control                        0x0800466d   Thumb Code   408  execute.o(i.Wheel_Pos_Control)
    __0printf$1                              0x08004839   Thumb Code    22  printf1.o(i.__0printf$1)
    __1printf$1                              0x08004839   Thumb Code     0  printf1.o(i.__0printf$1)
    __2printf                                0x08004839   Thumb Code     0  printf1.o(i.__0printf$1)
    __0sprintf$1                             0x08004859   Thumb Code    34  printf1.o(i.__0sprintf$1)
    __1sprintf$1                             0x08004859   Thumb Code     0  printf1.o(i.__0sprintf$1)
    __2sprintf                               0x08004859   Thumb Code     0  printf1.o(i.__0sprintf$1)
    __ARM_fpclassify                         0x08004881   Thumb Code    48  fpclassify.o(i.__ARM_fpclassify)
    __hardfp_cos                             0x080048b1   Thumb Code   200  cos.o(i.__hardfp_cos)
    __hardfp_fabs                            0x08004989   Thumb Code    20  fabs.o(i.__hardfp_fabs)
    __hardfp_pow                             0x080049a1   Thumb Code  3048  pow.o(i.__hardfp_pow)
    __hardfp_sin                             0x080055d9   Thumb Code   200  sin.o(i.__hardfp_sin)
    __hardfp_sqrt                            0x080056b1   Thumb Code   122  sqrt.o(i.__hardfp_sqrt)
    __ieee754_rem_pio2                       0x08005731   Thumb Code   938  rred.o(i.__ieee754_rem_pio2)
    __kernel_cos                             0x08005b69   Thumb Code   322  cos_i.o(i.__kernel_cos)
    __kernel_poly                            0x08005cd9   Thumb Code   248  poly.o(i.__kernel_poly)
    __kernel_sin                             0x08005dd1   Thumb Code   280  sin_i.o(i.__kernel_sin)
    __mathlib_dbl_underflow                  0x08005f01   Thumb Code    24  dunder.o(i.__mathlib_dbl_underflow)
    __scatterload_copy                       0x08005f21   Thumb Code    14  handlers.o(i.__scatterload_copy)
    __scatterload_null                       0x08005f2f   Thumb Code     2  handlers.o(i.__scatterload_null)
    __scatterload_zeroinit                   0x08005f31   Thumb Code    14  handlers.o(i.__scatterload_zeroinit)
    __set_errno                              0x08005f41   Thumb Code     6  errno.o(i.__set_errno)
    autoip_arp_reply                         0x080060d9   Thumb Code   176  autoip.o(i.autoip_arp_reply)
    autoip_start                             0x0800621b   Thumb Code    96  autoip.o(i.autoip_start)
    data_rely                                0x080062cd   Thumb Code  6180  data_collection.o(i.data_rely)
    dhcp_arp_reply                           0x08007b31   Thumb Code    46  dhcp.o(i.dhcp_arp_reply)
    etharp_arp_input                         0x08007e19   Thumb Code   340  etharp.o(i.etharp_arp_input)
    etharp_ip_input                          0x08007f71   Thumb Code    60  etharp.o(i.etharp_ip_input)
    etharp_output                            0x08007fad   Thumb Code   190  etharp.o(i.etharp_output)
    etharp_query                             0x08008071   Thumb Code   386  etharp.o(i.etharp_query)
    etharp_raw                               0x080081f9   Thumb Code   212  etharp.o(i.etharp_raw)
    etharp_request                           0x080082d1   Thumb Code    36  etharp.o(i.etharp_request)
    etharp_tmr                               0x08008341   Thumb Code   154  etharp.o(i.etharp_tmr)
    ethernet_input                           0x080083e1   Thumb Code   108  etharp.o(i.ethernet_input)
    ethernetif_init                          0x0800844d   Thumb Code    38  ethernetif.o(i.ethernetif_init)
    ethernetif_input                         0x0800847d   Thumb Code    44  ethernetif.o(i.ethernetif_input)
    fabs                                     0x080084a9   Thumb Code    24  fabs.o(i.fabs)
    fputc                                    0x080086ad   Thumb Code    32  main.o(i.fputc)
    htonl                                    0x080086fb   Thumb Code    26  inet.o(i.htonl)
    htons                                    0x08008715   Thumb Code    12  inet.o(i.htons)
    icmp_dest_unreach                        0x08008721   Thumb Code    18  icmp.o(i.icmp_dest_unreach)
    icmp_input                               0x08008733   Thumb Code   368  icmp.o(i.icmp_input)
    icmp_time_exceeded                       0x0800890f   Thumb Code    18  icmp.o(i.icmp_time_exceeded)
    inet_chksum                              0x08008921   Thumb Code    20  inet_chksum.o(i.inet_chksum)
    inet_chksum_pbuf                         0x08008935   Thumb Code    86  inet_chksum.o(i.inet_chksum_pbuf)
    ip_addr_isbroadcast                      0x0800898b   Thumb Code    78  ip_addr.o(i.ip_addr_isbroadcast)
    ip_frag                                  0x080089d9   Thumb Code   326  ip_frag.o(i.ip_frag)
    ip_input                                 0x08008b25   Thumb Code   446  ip.o(i.ip_input)
    ip_output                                0x08008cf1   Thumb Code    52  ip.o(i.ip_output)
    ip_output_if                             0x08008d25   Thumb Code   246  ip.o(i.ip_output_if)
    ip_reass                                 0x08008e21   Thumb Code   400  ip_frag.o(i.ip_reass)
    ip_route                                 0x080092a5   Thumb Code    70  ip.o(i.ip_route)
    main                                     0x080094a5   Thumb Code   326  main.o(i.main)
    mem_free                                 0x0800963d   Thumb Code    68  mem.o(i.mem_free)
    mem_init                                 0x0800968d   Thumb Code    80  mem.o(i.mem_init)
    mem_malloc                               0x080096f1   Thumb Code   228  mem.o(i.mem_malloc)
    mem_realloc                              0x080097e1   Thumb Code   288  mem.o(i.mem_realloc)
    memp_free                                0x0800990d   Thumb Code    28  memp.o(i.memp_free)
    memp_init                                0x0800992d   Thumb Code    82  memp.o(i.memp_init)
    memp_malloc                              0x08009991   Thumb Code    40  memp.o(i.memp_malloc)
    netif_add                                0x080099bd   Thumb Code   100  netif.o(i.netif_add)
    netif_is_up                              0x08009a29   Thumb Code    12  netif.o(i.netif_is_up)
    netif_set_addr                           0x08009a35   Thumb Code    40  netif.o(i.netif_set_addr)
    netif_set_default                        0x08009a5d   Thumb Code     6  netif.o(i.netif_set_default)
    netif_set_down                           0x08009a69   Thumb Code    24  netif.o(i.netif_set_down)
    netif_set_gw                             0x08009a81   Thumb Code    12  netif.o(i.netif_set_gw)
    netif_set_ipaddr                         0x08009a8d   Thumb Code   110  netif.o(i.netif_set_ipaddr)
    netif_set_netmask                        0x08009b05   Thumb Code    12  netif.o(i.netif_set_netmask)
    netif_set_up                             0x08009b11   Thumb Code    44  netif.o(i.netif_set_up)
    ntohl                                    0x08009b3d   Thumb Code    12  inet.o(i.ntohl)
    ntohs                                    0x08009b49   Thumb Code    12  inet.o(i.ntohs)
    pbuf_alloc                               0x08009b55   Thumb Code   414  pbuf.o(i.pbuf_alloc)
    pbuf_cat                                 0x08009cf3   Thumb Code    56  pbuf.o(i.pbuf_cat)
    pbuf_chain                               0x08009d2b   Thumb Code    22  pbuf.o(i.pbuf_chain)
    pbuf_clen                                0x08009d41   Thumb Code    18  pbuf.o(i.pbuf_clen)
    pbuf_copy                                0x08009d53   Thumb Code   182  pbuf.o(i.pbuf_copy)
    pbuf_copy_partial                        0x08009e09   Thumb Code   146  pbuf.o(i.pbuf_copy_partial)
    pbuf_free                                0x08009e9b   Thumb Code   110  pbuf.o(i.pbuf_free)
    pbuf_header                              0x08009f09   Thumb Code   126  pbuf.o(i.pbuf_header)
    pbuf_realloc                             0x08009f87   Thumb Code   120  pbuf.o(i.pbuf_realloc)
    pbuf_ref                                 0x08009fff   Thumb Code    10  pbuf.o(i.pbuf_ref)
    pbuf_take                                0x0800a009   Thumb Code   116  pbuf.o(i.pbuf_take)
    raw_input                                0x0800a105   Thumb Code   100  raw.o(i.raw_input)
    sqrt                                     0x0800a16d   Thumb Code   110  sqrt.o(i.sqrt)
    tcp_abandon                              0x0800a1dd   Thumb Code   148  tcp.o(i.tcp_abandon)
    tcp_alloc                                0x0800a279   Thumb Code   170  tcp.o(i.tcp_alloc)
    tcp_arg                                  0x0800a331   Thumb Code     4  tcp.o(i.tcp_arg)
    tcp_close                                0x0800a335   Thumb Code   234  tcp.o(i.tcp_close)
    tcp_connect                              0x0800a431   Thumb Code   266  tcp.o(i.tcp_connect)
    tcp_echoclient_connect                   0x0800a549   Thumb Code    42  tcp_echoclient.o(i.tcp_echoclient_connect)
    tcp_eff_send_mss                         0x0800a8ff   Thumb Code    46  tcp.o(i.tcp_eff_send_mss)
    tcp_enqueue                              0x0800a92d   Thumb Code  1014  tcp_out.o(i.tcp_enqueue)
    tcp_fasttmr                              0x0800ad25   Thumb Code   114  tcp.o(i.tcp_fasttmr)
    tcp_input                                0x0800ad9d   Thumb Code  1120  tcp_in.o(i.tcp_input)
    tcp_keepalive                            0x0800b209   Thumb Code    82  tcp_out.o(i.tcp_keepalive)
    tcp_new                                  0x0800b425   Thumb Code    10  tcp.o(i.tcp_new)
    tcp_next_iss                             0x0800b4a9   Thumb Code    20  tcp.o(i.tcp_next_iss)
    tcp_output                               0x0800b4c5   Thumb Code   474  tcp_out.o(i.tcp_output)
    tcp_pcb_purge                            0x0800b8b5   Thumb Code    54  tcp.o(i.tcp_pcb_purge)
    tcp_pcb_remove                           0x0800b8ed   Thumb Code   146  tcp.o(i.tcp_pcb_remove)
    tcp_poll                                 0x0800b985   Thumb Code    10  tcp.o(i.tcp_poll)
    tcp_recv                                 0x0800c545   Thumb Code     6  tcp.o(i.tcp_recv)
    tcp_recv_null                            0x0800c54b   Thumb Code    46  tcp.o(i.tcp_recv_null)
    tcp_recved                               0x0800c579   Thumb Code    70  tcp.o(i.tcp_recved)
    tcp_rexmit                               0x0800c5bf   Thumb Code    80  tcp_out.o(i.tcp_rexmit)
    tcp_rexmit_fast                          0x0800c60f   Thumb Code   114  tcp_out.o(i.tcp_rexmit_fast)
    tcp_rexmit_rto                           0x0800c681   Thumb Code    58  tcp_out.o(i.tcp_rexmit_rto)
    tcp_rst                                  0x0800c6bb   Thumb Code   170  tcp_out.o(i.tcp_rst)
    tcp_seg_free                             0x0800c765   Thumb Code    32  tcp.o(i.tcp_seg_free)
    tcp_segs_free                            0x0800c785   Thumb Code    30  tcp.o(i.tcp_segs_free)
    tcp_send_ctrl                            0x0800c7a3   Thumb Code    28  tcp_out.o(i.tcp_send_ctrl)
    tcp_send_empty_ack                       0x0800c7bf   Thumb Code    94  tcp_out.o(i.tcp_send_empty_ack)
    tcp_sent                                 0x0800c81d   Thumb Code     6  tcp.o(i.tcp_sent)
    tcp_slowtmr                              0x0800c825   Thumb Code   712  tcp.o(i.tcp_slowtmr)
    tcp_tmr                                  0x0800cbb9   Thumb Code    30  tcp.o(i.tcp_tmr)
    tcp_update_rcv_ann_wnd                   0x0800cbdd   Thumb Code    72  tcp.o(i.tcp_update_rcv_ann_wnd)
    tcp_write                                0x0800cc25   Thumb Code    72  tcp_out.o(i.tcp_write)
    tcp_zero_window_probe                    0x0800cc6d   Thumb Code   168  tcp_out.o(i.tcp_zero_window_probe)
    udp_bind                                 0x0800cd15   Thumb Code   106  udp.o(i.udp_bind)
    udp_input                                0x0800cd85   Thumb Code   452  udp.o(i.udp_input)
    udp_sendto_if                            0x0800cf4d   Thumb Code   202  udp.o(i.udp_sendto_if)
    tcp_backoff                              0x0800d128   Data          13  tcp.o(.constdata)
    tcp_persist_backoff                      0x0800d135   Data           7  tcp.o(.constdata)
    ip_addr_any                              0x0800d13c   Data           4  ip_addr.o(.constdata)
    ip_addr_broadcast                        0x0800d140   Data           4  ip_addr.o(.constdata)
    ethbroadcast                             0x0800d144   Data           6  etharp.o(.constdata)
    ethzero                                  0x0800d14a   Data           6  etharp.o(.constdata)
    ASCII16x24_Table                         0x0800d150   Data        4560  stm324xg_eval_lcd.o(.constdata)
    ASCII12x12_Table                         0x0800e320   Data        2304  stm324xg_eval_lcd.o(.constdata)
    ASCII8x12_Table                          0x0800ec20   Data        2304  stm324xg_eval_lcd.o(.constdata)
    ASCII8x8_Table                           0x0800f520   Data        1536  stm324xg_eval_lcd.o(.constdata)
    GPIO_PIN                                 0x0800fb20   Data           8  stm324xg_eval.o(.constdata)
    GPIO_CLK                                 0x0800fb28   Data          16  stm324xg_eval.o(.constdata)
    BUTTON_PIN                               0x0800fb38   Data           6  stm324xg_eval.o(.constdata)
    BUTTON_CLK                               0x0800fb40   Data          12  stm324xg_eval.o(.constdata)
    BUTTON_EXTI_LINE                         0x0800fb4c   Data           6  stm324xg_eval.o(.constdata)
    BUTTON_PORT_SOURCE                       0x0800fb52   Data           6  stm324xg_eval.o(.constdata)
    BUTTON_PIN_SOURCE                        0x0800fb58   Data           6  stm324xg_eval.o(.constdata)
    BUTTON_IRQn                              0x0800fb5e   Data           6  stm324xg_eval.o(.constdata)
    COM_USART_CLK                            0x0800fb64   Data           4  stm324xg_eval.o(.constdata)
    COM_TX_PORT_CLK                          0x0800fb68   Data           4  stm324xg_eval.o(.constdata)
    COM_RX_PORT_CLK                          0x0800fb6c   Data           4  stm324xg_eval.o(.constdata)
    COM_TX_PIN                               0x0800fb70   Data           2  stm324xg_eval.o(.constdata)
    COM_RX_PIN                               0x0800fb72   Data           2  stm324xg_eval.o(.constdata)
    COM_TX_PIN_SOURCE                        0x0800fb74   Data           2  stm324xg_eval.o(.constdata)
    COM_RX_PIN_SOURCE                        0x0800fb76   Data           2  stm324xg_eval.o(.constdata)
    COM_TX_AF                                0x0800fb78   Data           2  stm324xg_eval.o(.constdata)
    COM_RX_AF                                0x0800fb7a   Data           2  stm324xg_eval.o(.constdata)
    __mathlib_zero                           0x0800fc38   Data           8  qnan.o(.constdata)
    Region$$Table$$Base                      0x0800fda8   Number         0  anon$$obj.o(Region$$Table)
    Region$$Table$$Limit                     0x0800fdc8   Number         0  anon$$obj.o(Region$$Table)
    m_bDistanceSampleOk                      0x20000000   Data           1  main.o(.data)
    m_bWheelDataOk                           0x20000001   Data           1  main.o(.data)
    m_bTransferWorkMode                      0x20000002   Data           1  main.o(.data)
    m_bRightRudder                           0x20000003   Data           1  main.o(.data)
    SENSOR_DISTANCE_FRONT                    0x20000008   Data           8  main.o(.data)
    SENSOR_DISTANCE_BACK                     0x20000010   Data           8  main.o(.data)
    SENSOR_DISTANCE_ERR_CNT                  0x20000018   Data           1  main.o(.data)
    m_bBackMidWheel                          0x20000019   Data           1  main.o(.data)
    m_bStopFlag                              0x2000001a   Data           1  main.o(.data)
    m_bVehicleForward                        0x2000001b   Data           1  main.o(.data)
    m_bVehicleBackward                       0x2000001c   Data           1  main.o(.data)
    BD_ENABLE                                0x2000001d   Data           1  main.o(.data)
    m_bStateBefore                           0x2000001e   Data           1  main.o(.data)
    Time_count                               0x20000020   Data           2  main.o(.data)
    A_count                                  0x20000022   Data           2  main.o(.data)
    B_count                                  0x20000024   Data           2  main.o(.data)
    LCD_Interface1                           0x20000026   Data           1  main.o(.data)
    LCD_Interface2                           0x20000027   Data           1  main.o(.data)
    LCD_Vehicle_Trail                        0x20000028   Data           1  main.o(.data)
    LCD_SENSOR_Image                         0x20000029   Data           1  main.o(.data)
    LCD_Vehicle_Posture                      0x2000002a   Data           1  main.o(.data)
    jc_Record                                0x2000002b   Data           1  main.o(.data)
    Stack_Sum_Num                            0x2000002c   Data           1  main.o(.data)
    Stack_Replace_Num                        0x2000002d   Data           1  main.o(.data)
    Vehicle_Stack_Num                        0x2000002e   Data           1  main.o(.data)
    Vehicle_Stack_Full                       0x2000002f   Data           1  main.o(.data)
    BD_Stack_Num                             0x20000030   Data           1  main.o(.data)
    BD_Stack_Sum_Num                         0x20000031   Data           1  main.o(.data)
    BD_Stack_Replace_Num                     0x20000032   Data           1  main.o(.data)
    Vehicle_Output_Sum_X                     0x20000038   Data           8  main.o(.data)
    Vehicle_Output_Sum_Y                     0x20000040   Data           8  main.o(.data)
    Vehicle_Output_Sum_sincx                 0x20000048   Data           8  main.o(.data)
    Vehicle_Output_Sum_coscx                 0x20000050   Data           8  main.o(.data)
    Standard_Position_x1_Stack               0x20000058   Data           8  main.o(.data)
    Standard_Position_y1_Stack               0x20000060   Data           8  main.o(.data)
    Standard_Position_x2_Stack               0x20000068   Data           8  main.o(.data)
    Standard_Position_y2_Stack               0x20000070   Data           8  main.o(.data)
    SCANNER_CENTER                           0x20000078   Data           8  main.o(.data)
    LEFT_MIN_VALUE_BACK                      0x20000080   Data           8  main.o(.data)
    RIGHT_MAX_VALUE_BACK                     0x20000088   Data           8  main.o(.data)
    LEFT_MIN_VALUE_FRONT                     0x20000090   Data           8  main.o(.data)
    RIGHT_MAX_VALUE_FRONT                    0x20000098   Data           8  main.o(.data)
    IntersectLocate                          0x200000a0   Data           1  main.o(.data)
    IntersectCount                           0x200000a1   Data           1  main.o(.data)
    IntersectOK                              0x200000a2   Data           1  main.o(.data)
    m_cDisplayBuffer                         0x200000a3   Data           4  main.o(.data)
    m_cP377                                  0x200000a7   Data           1  main.o(.data)
    m_bNewDisData                            0x200000a8   Data           1  main.o(.data)
    m_bDisFlag                               0x200000a9   Data           1  main.o(.data)
    m_cDisErrCnt                             0x200000aa   Data           1  main.o(.data)
    m_cDisDataDelay                          0x200000ab   Data           1  main.o(.data)
    m_cSysError                              0x200000ac   Data           1  main.o(.data)
    IN_FORWARD                               0x200000ad   Data           1  main.o(.data)
    IN_BACKWARD                              0x200000ae   Data           1  main.o(.data)
    IN_MID_SWITCH                            0x200000af   Data           1  main.o(.data)
    OUT_PUSH                                 0x200000b0   Data           1  main.o(.data)
    OUT_DRAW                                 0x200000b1   Data           1  main.o(.data)
    IN_MODE                                  0x200000b2   Data           1  main.o(.data)
    IN_SPEED                                 0x200000b3   Data           1  main.o(.data)
    IN_RUDDER                                0x200000b4   Data           1  main.o(.data)
    IN_LOCK_WHEEL                            0x200000b5   Data           1  main.o(.data)
    IN_AD                                    0x200000b6   Data           1  main.o(.data)
    m_bNewData                               0x200000b7   Data           1  main.o(.data)
    m_bOK                                    0x200000b8   Data           1  main.o(.data)
    m_nFrontExtremeCount                     0x200000bc   Data           4  main.o(.data)
    m_nFrontExtremeCount1                    0x200000c0   Data           4  main.o(.data)
    m_nBackExtremeCount                      0x200000c4   Data           4  main.o(.data)
    m_nSubValue                              0x200000c8   Data           4  main.o(.data)
    m_nDiffValue                             0x200000cc   Data           4  main.o(.data)
    m_bSubSymbol                             0x200000d0   Data           1  main.o(.data)
    m_bFrontLeft0                            0x200000d1   Data           1  main.o(.data)
    m_bFrontRight0                           0x200000d2   Data           1  main.o(.data)
    m_bBackLeft0                             0x200000d3   Data           1  main.o(.data)
    m_bBackRight0                            0x200000d4   Data           1  main.o(.data)
    m_bCenterDiff                            0x200000d5   Data           1  main.o(.data)
    m_cVehicleState                          0x200000d6   Data           1  main.o(.data)
    m_bWheelLock                             0x200000d7   Data           1  main.o(.data)
    m_nWheelPosObj                           0x200000d8   Data           4  main.o(.data)
    m_bWheelOpposite                         0x200000dc   Data           1  main.o(.data)
    m_cTimerZdcs                             0x200000dd   Data           1  main.o(.data)
    m_cZdcs                                  0x200000de   Data           1  main.o(.data)
    m_cZdcsbj                                0x200000df   Data           1  main.o(.data)
    Key_Button_Push                          0x200000e0   Data           1  main.o(.data)
    LCD_Change_Mode                          0x200000e1   Data           1  main.o(.data)
    LCD_Change_Mode_InTime                   0x200000e2   Data           2  main.o(.data)
    LCD_Change_Mode_FiTime                   0x200000e4   Data           2  main.o(.data)
    LCD_Change_Mode_dTime                    0x200000e6   Data           2  main.o(.data)
    Time_For_Main                            0x200000e8   Data           4  main.o(.data)
    adval_test                               0x200000ec   Data           4  main.o(.data)
    text_test                                0x200000f0   Data          40  main.o(.data)
    AD_print_test                            0x20000118   Data           2  main.o(.data)
    GPIO_State_val                           0x2000011a   Data           1  main.o(.data)
    TCPTimer                                 0x2000011c   Data           4  netconf.o(.data)
    ARPTimer                                 0x20000120   Data           4  netconf.o(.data)
    IPaddress                                0x20000124   Data           4  netconf.o(.data)
    EthInitStatus                            0x20000128   Data           4  stm32f4x7_eth_bsp.o(.data)
    EthLinkStatus                            0x2000012c   Data           1  stm32f4x7_eth_bsp.o(.data)
    message_count                            0x20000130   Data           4  tcp_echoclient.o(.data)
    data_flag                                0x20000134   Data           1  tcp_echoclient.o(.data)
    tcp_client_flag                          0x20000135   Data           1  tcp_echoclient.o(.data)
    data                                     0x20000136   Data          20  tcp_echoclient.o(.data)
    data1                                    0x2000014a   Data          20  tcp_echoclient.o(.data)
    echoclient_pcb                           0x20000160   Data           4  tcp_echoclient.o(.data)
    IC_flag                                  0x20000168   Data           2  data_collection.o(.data)
    IC_time                                  0x2000016c   Data           4  data_collection.o(.data)
    OI_flag                                  0x20000170   Data           1  data_collection.o(.data)
    JL_flag                                  0x20000171   Data           1  data_collection.o(.data)
    OI_normal_flag                           0x20000172   Data           1  data_collection.o(.data)
    Data_correct_flag                        0x20000173   Data           1  data_collection.o(.data)
    RD_time                                  0x20000174   Data           2  data_collection.o(.data)
    Return_data_flag                         0x20000176   Data           1  data_collection.o(.data)
    BD_Length1                               0x20000178   Data           2  data_collection.o(.data)
    BD_Length2                               0x2000017a   Data           2  data_collection.o(.data)
    BD_Angle1                                0x2000017c   Data           2  data_collection.o(.data)
    BD_Angle2                                0x2000017e   Data           2  data_collection.o(.data)
    BDY                                      0x20000180   Data           2  data_collection.o(.data)
    MOVE_Length1                             0x20000182   Data           2  data_collection.o(.data)
    MOVE_Length2                             0x20000184   Data           2  data_collection.o(.data)
    MOVE_Angle1                              0x20000186   Data           2  data_collection.o(.data)
    MOVE_Angle2                              0x20000188   Data           2  data_collection.o(.data)
    SENSOR_DISTANCE_MID                      0x2000018a   Data           2  data_collection.o(.data)
    Pos_num                                  0x2000018c   Data           2  data_collection.o(.data)
    Tim_n                                    0x2000018e   Data           2  data_collection.o(.data)
    Last_Pos_num                             0x20000190   Data           2  data_collection.o(.data)
    BD_Flag                                  0x20000192   Data           1  data_collection.o(.data)
    BD_Num                                   0x20000194   Data           2  data_collection.o(.data)
    jc_origin                                0x20000196   Data           1  data_collection.o(.data)
    gg                                       0x20000198   Data           8  data_collection.o(.data)
    avenum_a                                 0x200001a0   Data           8  data_collection.o(.data)
    avenum_b                                 0x200001a8   Data           8  data_collection.o(.data)
    avenum_c                                 0x200001b0   Data           8  data_collection.o(.data)
    avenum_d                                 0x200001b8   Data           8  data_collection.o(.data)
    avenum_e                                 0x200001c0   Data           8  data_collection.o(.data)
    avenum_f                                 0x200001c8   Data           8  data_collection.o(.data)
    avenum_g                                 0x200001d0   Data           8  data_collection.o(.data)
    avenum_h                                 0x200001d8   Data           8  data_collection.o(.data)
    avenum_i                                 0x200001e0   Data           8  data_collection.o(.data)
    sinave                                   0x200001e8   Data           8  data_collection.o(.data)
    cosave                                   0x200001f0   Data           8  data_collection.o(.data)
    sinaveangle                              0x200001f8   Data           8  data_collection.o(.data)
    cosaveangle                              0x20000200   Data           8  data_collection.o(.data)
    sinaveave                                0x20000208   Data           8  data_collection.o(.data)
    cosaveave                                0x20000210   Data           8  data_collection.o(.data)
    sinave1                                  0x20000218   Data           8  data_collection.o(.data)
    cosave1                                  0x20000220   Data           8  data_collection.o(.data)
    sinaveangle1                             0x20000228   Data           8  data_collection.o(.data)
    a1                                       0x20000230   Data           8  data_collection.o(.data)
    b1                                       0x20000238   Data           8  data_collection.o(.data)
    L1                                       0x20000240   Data           8  data_collection.o(.data)
    L2                                       0x20000248   Data           8  data_collection.o(.data)
    ANGLE_coscx                              0x20000250   Data           8  data_collection.o(.data)
    ANGLE_sincx                              0x20000258   Data           8  data_collection.o(.data)
    SUM_Translation_X0                       0x20000260   Data           8  data_collection.o(.data)
    SUM_Translation_Y0                       0x20000268   Data           8  data_collection.o(.data)
    SUM_Translation_X                        0x20000270   Data           8  data_collection.o(.data)
    SUM_Translation_Y                        0x20000278   Data           8  data_collection.o(.data)
    Scan_Done                                0x20000280   Data           1  data_collection.o(.data)
    Cor_num                                  0x20000282   Data           2  data_collection.o(.data)
    Cal_num                                  0x20000284   Data           2  data_collection.o(.data)
    j1                                       0x20000286   Data           1  data_collection.o(.data)
    j2                                       0x20000287   Data           1  data_collection.o(.data)
    JL_x2_Ready                              0x20000288   Data           1  data_collection.o(.data)
    Scan_Num                                 0x2000028a   Data           2  data_collection.o(.data)
    data_x1                                  0x20000290   Data           8  data_collection.o(.data)
    data_x2                                  0x20000298   Data           8  data_collection.o(.data)
    data_y1                                  0x200002a0   Data           8  data_collection.o(.data)
    data_y2                                  0x200002a8   Data           8  data_collection.o(.data)
    n                                        0x200002b0   Data           4  data_collection.o(.data)
    TC_distance                              0x200002b8   Data           8  data_collection.o(.data)
    DATA_TO_SCREEN                           0x200002c0   Data           2  data_collection.o(.data)
    clock_1s                                 0x200002c2   Data           1  data_collection.o(.data)
    DATA_NUM                                 0x200002c4   Data           4  data_collection.o(.data)
    LocalTime                                0x200002c8   Data           4  data_collection.o(.data)
    timingdelay                              0x200002cc   Data           4  data_collection.o(.data)
    Interrupt_flag                           0x200002d0   Data           1  data_collection.o(.data)
    m_bOutPush                               0x200002d4   Data           1  execute.o(.data)
    m_bOutDraw                               0x200002d5   Data           1  execute.o(.data)
    m_bMoveFront                             0x200002d6   Data           1  execute.o(.data)
    m_bMoveBack                              0x200002d7   Data           1  execute.o(.data)
    m_bVehicleHighSpeed                      0x200002d8   Data           1  execute.o(.data)
    m_nWheelPostion                          0x200002dc   Data           4  execute.o(.data)
    m_cVehicleAngle                          0x200002e0   Data           1  execute.o(.data)
    m_nWheelExtremeCount                     0x200002e4   Data           4  execute.o(.data)
    m_cWheelMidErrCnt                        0x200002e8   Data           1  execute.o(.data)
    m_cMutationCnt                           0x200002ec   Data           3  sample.o(.data)
    count                                    0x200002ef   Data           1  sample.o(.data)
    m_cZdcsSample                            0x200002f0   Data           1  sample.o(.data)
    m_cADChannel                             0x200002f1   Data           1  sample.o(.data)
    m_cSampleDelay                           0x200002f2   Data           1  sample.o(.data)
    adval_Count_Num                          0x200002f3   Data           1  sample.o(.data)
    adval_Sum                                0x200002f4   Data           4  sample.o(.data)
    adval_Sum_Num                            0x200002f8   Data           1  sample.o(.data)
    AD_print                                 0x200002fa   Data           2  sample.o(.data)
    AD_last                                  0x200002fc   Data           2  adc_yz.o(.data)
    AD_done                                  0x200002fe   Data           1  adc_yz.o(.data)
    netif_list                               0x20000314   Data           4  netif.o(.data)
    netif_default                            0x20000318   Data           4  netif.o(.data)
    tcp_state_str                            0x20000324   Data          44  tcp.o(.data)
    tcp_ticks                                0x20000350   Data           4  tcp.o(.data)
    tcp_bound_pcbs                           0x20000354   Data           4  tcp.o(.data)
    tcp_listen_pcbs                          0x20000358   Data           4  tcp.o(.data)
    tcp_active_pcbs                          0x2000035c   Data           4  tcp.o(.data)
    tcp_tw_pcbs                              0x20000360   Data           4  tcp.o(.data)
    tcp_tmp_pcb                              0x20000364   Data           4  tcp.o(.data)
    tcp_input_pcb                            0x2000038c   Data           4  tcp_in.o(.data)
    udp_pcbs                                 0x20000390   Data           4  udp.o(.data)
    current_netif                            0x20000394   Data           4  ip.o(.data)
    current_header                           0x20000398   Data           4  ip.o(.data)
    DMATxDescToSet                           0x200003b8   Data           4  stm32f4x7_eth.o(.data)
    DMARxDescToGet                           0x200003bc   Data           4  stm32f4x7_eth.o(.data)
    DMA_RX_FRAME_infos                       0x200003c0   Data           4  stm32f4x7_eth.o(.data)
    Frame_Rx_index                           0x200003c4   Data           4  stm32f4x7_eth.o(.data)
    Font16x24                                0x200003c8   Data           8  stm324xg_eval_lcd.o(.data)
    Font12x12                                0x200003d0   Data           8  stm324xg_eval_lcd.o(.data)
    Font8x12                                 0x200003d8   Data           8  stm324xg_eval_lcd.o(.data)
    Font8x8                                  0x200003e0   Data           8  stm324xg_eval_lcd.o(.data)
    GPIO_PORT                                0x200003f0   Data          16  stm324xg_eval.o(.data)
    BUTTON_PORT                              0x20000400   Data          12  stm324xg_eval.o(.data)
    COM_USART                                0x2000040c   Data           4  stm324xg_eval.o(.data)
    COM_TX_PORT                              0x20000410   Data           4  stm324xg_eval.o(.data)
    COM_RX_PORT                              0x20000414   Data           4  stm324xg_eval.o(.data)
    NVIC_InitStructure                       0x20000418   Data           4  stm324xg_eval.o(.data)
    __stdout                                 0x2000041c   Data           4  stdout.o(.data)
    SENSOR_DISTANCE_TEMP                     0x20000428   Data          16  main.o(.bss)
    Vehicle_X_Stack                          0x20000438   Data          80  main.o(.bss)
    Vehicle_Y_Stack                          0x20000488   Data          80  main.o(.bss)
    Vehicle_sincx_Stack                      0x200004d8   Data          80  main.o(.bss)
    Vehicle_coscx_Stack                      0x20000528   Data          80  main.o(.bss)
    Standard_Position_x1_Stack_Sum           0x20000578   Data          80  main.o(.bss)
    Standard_Position_y1_Stack_Sum           0x200005c8   Data          80  main.o(.bss)
    Standard_Position_x2_Stack_Sum           0x20000618   Data          80  main.o(.bss)
    Standard_Position_y2_Stack_Sum           0x20000668   Data          80  main.o(.bss)
    text3                                    0x200006b8   Data          40  main.o(.bss)
    str_temp                                 0x200006e0   Data         402  main.o(.bss)
    str_temp_inverse                         0x20000872   Data         402  main.o(.bss)
    m_nDist                                  0x20000a04   Data          12  main.o(.bss)
    ADC_CommonInitStructure                  0x20000a10   Data          16  main.o(.bss)
    ADC_InitStruct                           0x20000a20   Data          24  main.o(.bss)
    netif                                    0x20000a38   Data          56  netconf.o(.bss)
    tcp_client_recvbuf                       0x20000a70   Data       10000  tcp_echoclient.o(.bss)
    Data_RECE                                0x20003180   Data        1500  data_collection.o(.bss)
    str_Lev                                  0x2000375c   Data         402  data_collection.o(.bss)
    str_Ver                                  0x200038ee   Data         402  data_collection.o(.bss)
    Data_Packet                              0x20003a80   Data          10  data_collection.o(.bss)
    BD_Sum                                   0x20003a8c   Data          16  data_collection.o(.bss)
    a1_Ref                                   0x20003aa0   Data          80  data_collection.o(.bss)
    b1_Ref                                   0x20003af0   Data          80  data_collection.o(.bss)
    L1_Ref                                   0x20003b40   Data          80  data_collection.o(.bss)
    L2_Ref                                   0x20003b90   Data          80  data_collection.o(.bss)
    cosa1_Ref                                0x20003be0   Data          80  data_collection.o(.bss)
    cosb1_Ref                                0x20003c30   Data          80  data_collection.o(.bss)
    sina1_Ref                                0x20003c80   Data          80  data_collection.o(.bss)
    sinb1_Ref                                0x20003cd0   Data          80  data_collection.o(.bss)
    data_x1_Ref                              0x20003d20   Data          80  data_collection.o(.bss)
    data_y1_Ref                              0x20003d70   Data          80  data_collection.o(.bss)
    data_x2_Ref                              0x20003dc0   Data          80  data_collection.o(.bss)
    data_y2_Ref                              0x20003e10   Data          80  data_collection.o(.bss)
    Tubian_t                                 0x20003e60   Data          20  data_collection.o(.bss)
    Tubian_c                                 0x20003e74   Data          20  data_collection.o(.bss)
    text2                                    0x20003e88   Data          40  data_collection.o(.bss)
    senor                                    0x20003eb0   Data          80  data_collection.o(.bss)
    m_nSBuffer                               0x20003f00   Data          12  sample.o(.bss)
    m_nOBuffer                               0x20003f0c   Data          12  sample.o(.bss)
    adval_Stack                              0x20003f18   Data          20  sample.o(.bss)
    text                                     0x20003f2c   Data          40  sample.o(.bss)
    DMARxDscrTab                             0x2000bbb4   Data         160  stm32f4x7_eth.o(.bss)
    DMATxDscrTab                             0x2000bc54   Data         160  stm32f4x7_eth.o(.bss)
    Rx_Buff                                  0x2000bcf4   Data        7620  stm32f4x7_eth.o(.bss)
    Tx_Buff                                  0x2000dab8   Data        7620  stm32f4x7_eth.o(.bss)
    RX_Frame_Descriptor                      0x2000f87c   Data          12  stm32f4x7_eth.o(.bss)
    __initial_sp                             0x2000fc88   Data           0  startup_stm32f4xx.o(STACK)



==============================================================================

Memory Map of the image

  Image Entry point : 0x08000189

  Load Region LR_IROM1 (Base: 0x08000000, Size: 0x000101ec, Max: 0x00100000, ABSOLUTE, COMPRESSED[0x0000fe7c])

    Execution Region ER_IROM1 (Base: 0x08000000, Size: 0x0000fdc8, Max: 0x00100000, ABSOLUTE)

    Base Addr    Size         Type   Attr      Idx    E Section Name        Object

    0x08000000   0x00000188   Data   RO          139    RESET               startup_stm32f4xx.o
    0x08000188   0x00000000   Code   RO         5351  * .ARM.Collect$$$$00000000  mc_w.l(entry.o)
    0x08000188   0x00000004   Code   RO         5664    .ARM.Collect$$$$00000001  mc_w.l(entry2.o)
    0x0800018c   0x00000004   Code   RO         5667    .ARM.Collect$$$$00000004  mc_w.l(entry5.o)
    0x08000190   0x00000000   Code   RO         5669    .ARM.Collect$$$$00000008  mc_w.l(entry7b.o)
    0x08000190   0x00000000   Code   RO         5671    .ARM.Collect$$$$0000000A  mc_w.l(entry8b.o)
    0x08000190   0x00000008   Code   RO         5672    .ARM.Collect$$$$0000000B  mc_w.l(entry9a.o)
    0x08000198   0x00000000   Code   RO         5674    .ARM.Collect$$$$0000000D  mc_w.l(entry10a.o)
    0x08000198   0x00000000   Code   RO         5676    .ARM.Collect$$$$0000000F  mc_w.l(entry11a.o)
    0x08000198   0x00000004   Code   RO         5665    .ARM.Collect$$$$00002712  mc_w.l(entry2.o)
    0x0800019c   0x00000024   Code   RO          140    .text               startup_stm32f4xx.o
    0x080001c0   0x00000024   Code   RO         5354    .text               mc_w.l(memcpya.o)
    0x080001e4   0x00000024   Code   RO         5356    .text               mc_w.l(memseta.o)
    0x08000208   0x0000000e   Code   RO         5358    .text               mc_w.l(strlen.o)
    0x08000216   0x0000001a   Code   RO         5360    .text               mc_w.l(memcmp.o)
    0x08000230   0x0000014e   Code   RO         5625    .text               mf_w.l(dadd.o)
    0x0800037e   0x000000e4   Code   RO         5627    .text               mf_w.l(dmul.o)
    0x08000462   0x000000de   Code   RO         5629    .text               mf_w.l(ddiv.o)
    0x08000540   0x00000022   Code   RO         5631    .text               mf_w.l(dflti.o)
    0x08000562   0x0000001a   Code   RO         5633    .text               mf_w.l(dfltui.o)
    0x0800057c   0x0000003e   Code   RO         5635    .text               mf_w.l(dfixi.o)
    0x080005ba   0x00000032   Code   RO         5637    .text               mf_w.l(dfixui.o)
    0x080005ec   0x00000028   Code   RO         5639    .text               mf_w.l(cdcmple.o)
    0x08000614   0x00000028   Code   RO         5641    .text               mf_w.l(cdrcmple.o)
    0x0800063c   0x0000002c   Code   RO         5679    .text               mc_w.l(uidiv.o)
    0x08000668   0x0000001e   Code   RO         5683    .text               mc_w.l(llshl.o)
    0x08000686   0x00000020   Code   RO         5685    .text               mc_w.l(llushr.o)
    0x080006a6   0x00000024   Code   RO         5687    .text               mc_w.l(llsshr.o)
    0x080006ca   0x00000000   Code   RO         5696    .text               mc_w.l(iusefp.o)
    0x080006ca   0x000000b6   Code   RO         5697    .text               mf_w.l(depilogue.o)
    0x08000780   0x0000002e   Code   RO         5701    .text               mf_w.l(dscalb.o)
    0x080007ae   0x000000a2   Code   RO         5703    .text               mf_w.l(dsqrt.o)
    0x08000850   0x00000024   Code   RO         5707    .text               mc_w.l(init.o)
    0x08000874   0x00000056   Code   RO         5717    .text               mc_w.l(__dczerorl2.o)
    0x080008ca   0x00000002   PAD
    0x080008cc   0x0000000c   Code   RO          957    i.ADC_GetCnv        adc_yz.o
    0x080008d8   0x00000040   Code   RO          958    i.ADC_IRQHandler    adc_yz.o
    0x08000918   0x000000d8   Code   RO          959    i.ADC_Init_YZ       adc_yz.o
    0x080009f0   0x00000024   Code   RO          960    i.ADC_StartCnv      adc_yz.o
    0x08000a14   0x000008ac   Code   RO          822    i.Adjust_Deflect    execute.o
    0x080012c0   0x00000018   Code   RO          909    i.Analyse_Data      sample.o
    0x080012d8   0x00000548   Code   RO          771    i.Analyse_RectifyData  rectify.o
    0x08001820   0x00000004   Code   RO          403    i.BusFault_Handler  stm32f4xx_it.o
    0x08001824   0x00000002   Code   RO          823    i.Control_Mid_Relay  execute.o
    0x08001826   0x00000002   PAD
    0x08001828   0x00000124   Code   RO          613    i.Data_collection   data_collection.o
    0x0800194c   0x00000002   Code   RO          404    i.DebugMon_Handler  stm32f4xx_it.o
    0x0800194e   0x00000002   PAD
    0x08001950   0x00000074   Code   RO          824    i.Draw_Wheel        execute.o
    0x080019c4   0x00000100   Code   RO          773    i.Drive_Judge       rectify.o
    0x08001ac4   0x000000dc   Code   RO          352    i.ETH_BSP_Config    stm32f4x7_eth_bsp.o
    0x08001ba0   0x000000c8   Code   RO         4412    i.ETH_CheckFrameReceived  stm32f4x7_eth.o
    0x08001c68   0x00000024   Code   RO         4416    i.ETH_DMAReceptionCmd  stm32f4x7_eth.o
    0x08001c8c   0x00000064   Code   RO         4417    i.ETH_DMARxDescChainInit  stm32f4x7_eth.o
    0x08001cf0   0x00000024   Code   RO         4419    i.ETH_DMATransmissionCmd  stm32f4x7_eth.o
    0x08001d14   0x00000050   Code   RO         4422    i.ETH_DMATxDescChainInit  stm32f4x7_eth.o
    0x08001d64   0x00000008   Code   RO         4423    i.ETH_DMATxDescChecksumInsertionConfig  stm32f4x7_eth.o
    0x08001d6c   0x00000016   Code   RO         4428    i.ETH_DeInit        stm32f4x7_eth.o
    0x08001d82   0x0000001c   Code   RO         4429    i.ETH_Delay         stm32f4x7_eth.o
    0x08001d9e   0x00000002   PAD
    0x08001da0   0x00000014   Code   RO         4431    i.ETH_FlushTransmitFIFO  stm32f4x7_eth.o
    0x08001db4   0x00000164   Code   RO          353    i.ETH_GPIO_Config   stm32f4x7_eth_bsp.o
    0x08001f18   0x00000018   Code   RO         4457    i.ETH_GetSoftwareResetStatus  stm32f4x7_eth.o
    0x08001f30   0x0000005c   Code   RO         4459    i.ETH_Get_Received_Frame  stm32f4x7_eth.o
    0x08001f8c   0x00000298   Code   RO         4462    i.ETH_Init          stm32f4x7_eth.o
    0x08002224   0x00000034   Code   RO         4464    i.ETH_MACAddressConfig  stm32f4x7_eth.o
    0x08002258   0x00000088   Code   RO          354    i.ETH_MACDMA_Config  stm32f4x7_eth_bsp.o
    0x080022e0   0x00000024   Code   RO         4469    i.ETH_MACReceptionCmd  stm32f4x7_eth.o
    0x08002304   0x00000024   Code   RO         4470    i.ETH_MACTransmissionCmd  stm32f4x7_eth.o
    0x08002328   0x000000e8   Code   RO         4481    i.ETH_Prepare_Transmit_Descriptors  stm32f4x7_eth.o
    0x08002410   0x0000006c   Code   RO         4482    i.ETH_ReadPHYRegister  stm32f4x7_eth.o
    0x0800247c   0x00000014   Code   RO         4490    i.ETH_SoftwareReset  stm32f4x7_eth.o
    0x08002490   0x00000020   Code   RO         4491    i.ETH_Start         stm32f4x7_eth.o
    0x080024b0   0x000000b2   Code   RO         4492    i.ETH_StructInit    stm32f4x7_eth.o
    0x08002562   0x00000002   PAD
    0x08002564   0x00000068   Code   RO         4494    i.ETH_WritePHYRegister  stm32f4x7_eth.o
    0x080025cc   0x00000002   Code   RO          405    i.EXTI15_10_IRQHandler  stm32f4xx_it.o
    0x080025ce   0x00000002   PAD
    0x080025d0   0x00000030   Code   RO          355    i.Eth_Link_EXTIConfig  stm32f4x7_eth_bsp.o
    0x08002600   0x00000046   Code   RO          357    i.Eth_Link_PHYITConfig  stm32f4x7_eth_bsp.o
    0x08002646   0x00000002   PAD
    0x08002648   0x0000102c   Code   RO          615    i.Find_REF          data_collection.o
    0x08003674   0x0000008c   Code   RO          887    i.GPIO_In_Config    stm32f4_gpio_int.o
    0x08003700   0x00000090   Code   RO         3598    i.GPIO_Init         stm32f4xx_gpio.o
    0x08003790   0x000000bc   Code   RO          888    i.GPIO_Out_Config   stm32f4_gpio_int.o
    0x0800384c   0x00000046   Code   RO         3599    i.GPIO_PinAFConfig  stm32f4xx_gpio.o
    0x08003892   0x00000012   Code   RO         3602    i.GPIO_ReadInputDataBit  stm32f4xx_gpio.o
    0x080038a4   0x0000000a   Code   RO         3610    i.GPIO_WriteBit     stm32f4xx_gpio.o
    0x080038ae   0x00000004   Code   RO          407    i.HardFault_Handler  stm32f4xx_it.o
    0x080038b2   0x00000002   PAD
    0x080038b4   0x00000048   Code   RO          774    i.Init_Rectify_Data  rectify.o
    0x080038fc   0x00000040   Code   RO          910    i.Init_Sample_Data  sample.o
    0x0800393c   0x00000030   Code   RO         4934    i.LCD_DisplayChar   stm324xg_eval_lcd.o
    0x0800396c   0x0000004c   Code   RO         4937    i.LCD_DisplayStringLine  stm324xg_eval_lcd.o
    0x080039b8   0x000000ac   Code   RO         4938    i.LCD_DrawChar      stm324xg_eval_lcd.o
    0x08003a64   0x0000000c   Code   RO         4949    i.LCD_GetFont       stm324xg_eval_lcd.o
    0x08003a70   0x00000010   Code   RO         4956    i.LCD_SetBackColor  stm324xg_eval_lcd.o
    0x08003a80   0x00000018   Code   RO         4958    i.LCD_SetCursor     stm324xg_eval_lcd.o
    0x08003a98   0x00000010   Code   RO         4961    i.LCD_SetTextColor  stm324xg_eval_lcd.o
    0x08003aa8   0x00000008   Code   RO         4964    i.LCD_WriteRAM      stm324xg_eval_lcd.o
    0x08003ab0   0x0000000a   Code   RO         4965    i.LCD_WriteRAM_Prepare  stm324xg_eval_lcd.o
    0x08003aba   0x0000000a   Code   RO         4966    i.LCD_WriteReg      stm324xg_eval_lcd.o
    0x08003ac4   0x000000e4   Code   RO          288    i.LwIP_Init         netconf.o
    0x08003ba8   0x0000003c   Code   RO          289    i.LwIP_Periodic_Handle  netconf.o
    0x08003be4   0x00000010   Code   RO          290    i.LwIP_Pkt_Handle   netconf.o
    0x08003bf4   0x00000078   Code   RO          408    i.MY_NVIC_Init      stm32f4xx_it.o
    0x08003c6c   0x00000028   Code   RO          409    i.MY_NVIC_PriorityGroupConfig  stm32f4xx_it.o
    0x08003c94   0x00000004   Code   RO          411    i.MemManage_Handler  stm32f4xx_it.o
    0x08003c98   0x00000012   Code   RO          825    i.Move_Wheel        execute.o
    0x08003caa   0x00000002   Code   RO          412    i.NMI_Handler       stm32f4xx_it.o
    0x08003cac   0x00000002   Code   RO          413    i.PendSV_Handler    stm32f4xx_it.o
    0x08003cae   0x00000002   PAD
    0x08003cb0   0x0000006c   Code   RO          826    i.Push_Wheel        execute.o
    0x08003d1c   0x00000020   Code   RO         3691    i.RCC_AHB1PeriphClockCmd  stm32f4xx_rcc.o
    0x08003d3c   0x00000020   Code   RO         3693    i.RCC_AHB1PeriphResetCmd  stm32f4xx_rcc.o
    0x08003d5c   0x00000020   Code   RO         3703    i.RCC_APB2PeriphClockCmd  stm32f4xx_rcc.o
    0x08003d7c   0x000000e8   Code   RO         3712    i.RCC_GetClocksFreq  stm32f4xx_rcc.o
    0x08003e64   0x0000001c   Code   RO         3723    i.RCC_MCO1Config    stm32f4xx_rcc.o
    0x08003e80   0x0000001c   Code   RO          775    i.Rectify           rectify.o
    0x08003e9c   0x000000e8   Code   RO         5201    i.STM_EVAL_COMInit  stm324xg_eval.o
    0x08003f84   0x00000018   Code   RO         5204    i.STM_EVAL_LEDOn    stm324xg_eval.o
    0x08003f9c   0x00000002   Code   RO          414    i.SVC_Handler       stm32f4xx_it.o
    0x08003f9e   0x00000002   PAD
    0x08003fa0   0x0000000c   Code   RO         4159    i.SYSCFG_ETH_MediaInterfaceConfig  stm32f4xx_syscfg.o
    0x08003fac   0x00000118   Code   RO          911    i.Sample_AD         sample.o
    0x080040c4   0x0000007c   Code   RO          912    i.Sample_Data       sample.o
    0x08004140   0x000000ec   Code   RO            2    i.SetSysClock       system_stm32f4xx.o
    0x0800422c   0x00000074   Code   RO          827    i.Stop_Wheel        execute.o
    0x080042a0   0x00000028   Code   RO         2827    i.SysTick_CLKSourceConfig  misc.o
    0x080042c8   0x00000008   Code   RO          415    i.SysTick_Handler   stm32f4xx_it.o
    0x080042d0   0x00000068   Code   RO            4    i.SystemInit        system_stm32f4xx.o
    0x08004338   0x00000028   Code   RO          617    i.TIM2_IRQHandler   data_collection.o
    0x08004360   0x00000028   Code   RO          619    i.TIM3_IRQHandler   data_collection.o
    0x08004388   0x00000050   Code   RO          620    i.TIM3_Int_Init     data_collection.o
    0x080043d8   0x00000006   Code   RO          416    i.TIM_ClearITPendingBit  stm32f4xx_it.o
    0x080043de   0x00000002   PAD
    0x080043e0   0x00000028   Code   RO          621    i.Time_Update       data_collection.o
    0x08004408   0x00000012   Code   RO          622    i.Tr                data_collection.o
    0x0800441a   0x0000002a   Code   RO          623    i.USART1_init       data_collection.o
    0x08004444   0x00000018   Code   RO         2643    i.USART_Cmd         stm32f4xx_usart.o
    0x0800445c   0x0000001a   Code   RO         2646    i.USART_GetFlagStatus  stm32f4xx_usart.o
    0x08004476   0x00000002   PAD
    0x08004478   0x000000d4   Code   RO         2650    i.USART_Init        stm32f4xx_usart.o
    0x0800454c   0x00000070   Code   RO          624    i.USART_Send        data_collection.o
    0x080045bc   0x00000008   Code   RO         2660    i.USART_SendData    stm32f4xx_usart.o
    0x080045c4   0x00000004   Code   RO          422    i.UsageFault_Handler  stm32f4xx_it.o
    0x080045c8   0x000000a4   Code   RO          828    i.Vehicle_State_Detect  execute.o
    0x0800466c   0x000001cc   Code   RO          829    i.Wheel_Pos_Control  execute.o
    0x08004838   0x00000020   Code   RO         5409    i.__0printf$1       mc_w.l(printf1.o)
    0x08004858   0x00000028   Code   RO         5411    i.__0sprintf$1      mc_w.l(printf1.o)
    0x08004880   0x00000030   Code   RO         5648    i.__ARM_fpclassify  m_wm.l(fpclassify.o)
    0x080048b0   0x000000d8   Code   RO         5295    i.__hardfp_cos      m_wm.l(cos.o)
    0x08004988   0x00000014   Code   RO         5307    i.__hardfp_fabs     m_wm.l(fabs.o)
    0x0800499c   0x00000004   PAD
    0x080049a0   0x00000c38   Code   RO         5313    i.__hardfp_pow      m_wm.l(pow.o)
    0x080055d8   0x000000d8   Code   RO         5327    i.__hardfp_sin      m_wm.l(sin.o)
    0x080056b0   0x0000007a   Code   RO         5339    i.__hardfp_sqrt     m_wm.l(sqrt.o)
    0x0800572a   0x00000006   PAD
    0x08005730   0x00000438   Code   RO         5653    i.__ieee754_rem_pio2  m_wm.l(rred.o)
    0x08005b68   0x00000170   Code   RO         5643    i.__kernel_cos      m_wm.l(cos_i.o)
    0x08005cd8   0x000000f8   Code   RO         5650    i.__kernel_poly     m_wm.l(poly.o)
    0x08005dd0   0x00000130   Code   RO         5658    i.__kernel_sin      m_wm.l(sin_i.o)
    0x08005f00   0x00000020   Code   RO         5646    i.__mathlib_dbl_underflow  m_wm.l(dunder.o)
    0x08005f20   0x0000000e   Code   RO         5711    i.__scatterload_copy  mc_w.l(handlers.o)
    0x08005f2e   0x00000002   Code   RO         5712    i.__scatterload_null  mc_w.l(handlers.o)
    0x08005f30   0x0000000e   Code   RO         5713    i.__scatterload_zeroinit  mc_w.l(handlers.o)
    0x08005f3e   0x00000002   PAD
    0x08005f40   0x0000000c   Code   RO         5691    i.__set_errno       mc_w.l(errno.o)
    0x08005f4c   0x00000154   Code   RO         5416    i._printf_core      mc_w.l(printf1.o)
    0x080060a0   0x0000000a   Code   RO         5418    i._sputc            mc_w.l(printf1.o)
    0x080060aa   0x00000002   PAD
    0x080060ac   0x0000002c   Code   RO         2189    i.autoip_arp_announce  autoip.o
    0x080060d8   0x000000b0   Code   RO         2191    i.autoip_arp_reply  autoip.o
    0x08006188   0x00000064   Code   RO         2193    i.autoip_create_addr  autoip.o
    0x080061ec   0x0000002e   Code   RO         2194    i.autoip_handle_arp_conflict  autoip.o
    0x0800621a   0x00000060   Code   RO         2197    i.autoip_start      autoip.o
    0x0800627a   0x00000050   Code   RO         2198    i.autoip_start_probing  autoip.o
    0x080062ca   0x00000002   PAD
    0x080062cc   0x00001864   Code   RO          625    i.data_rely         data_collection.o
    0x08007b30   0x0000002e   Code   RO         1199    i.dhcp_arp_reply    dhcp.o
    0x08007b5e   0x00000002   PAD
    0x08007b60   0x0000012c   Code   RO         1203    i.dhcp_create_request  dhcp.o
    0x08007c8c   0x00000090   Code   RO         1204    i.dhcp_decline      dhcp.o
    0x08007d1c   0x00000032   Code   RO         1205    i.dhcp_delete_request  dhcp.o
    0x08007d4e   0x00000020   Code   RO         1217    i.dhcp_option       dhcp.o
    0x08007d6e   0x00000012   Code   RO         1218    i.dhcp_option_byte  dhcp.o
    0x08007d80   0x00000042   Code   RO         1219    i.dhcp_option_long  dhcp.o
    0x08007dc2   0x00000046   Code   RO         1221    i.dhcp_option_trailer  dhcp.o
    0x08007e08   0x0000000e   Code   RO         1228    i.dhcp_set_state    dhcp.o
    0x08007e16   0x00000002   PAD
    0x08007e18   0x00000158   Code   RO         2497    i.etharp_arp_input  etharp.o
    0x08007f70   0x0000003c   Code   RO         2499    i.etharp_ip_input   etharp.o
    0x08007fac   0x000000c4   Code   RO         2500    i.etharp_output     etharp.o
    0x08008070   0x00000188   Code   RO         2501    i.etharp_query      etharp.o
    0x080081f8   0x000000d8   Code   RO         2502    i.etharp_raw        etharp.o
    0x080082d0   0x0000002c   Code   RO         2503    i.etharp_request    etharp.o
    0x080082fc   0x00000042   Code   RO         2504    i.etharp_send_ip    etharp.o
    0x0800833e   0x00000002   PAD
    0x08008340   0x000000a0   Code   RO         2505    i.etharp_tmr        etharp.o
    0x080083e0   0x0000006c   Code   RO         2506    i.ethernet_input    etharp.o
    0x0800844c   0x00000030   Code   RO         2601    i.ethernetif_init   ethernetif.o
    0x0800847c   0x0000002c   Code   RO         2602    i.ethernetif_input  ethernetif.o
    0x080084a8   0x00000018   Code   RO         5309    i.fabs              m_wm.l(fabs.o)
    0x080084c0   0x000001ec   Code   RO         2507    i.find_entry        etharp.o
    0x080086ac   0x00000024   Code   RO          145    i.fputc             main.o
    0x080086d0   0x0000002a   Code   RO         2508    i.free_etharp_q     etharp.o
    0x080086fa   0x0000001a   Code   RO         2299    i.htonl             inet.o
    0x08008714   0x0000000c   Code   RO         2300    i.htons             inet.o
    0x08008720   0x00000012   Code   RO         2264    i.icmp_dest_unreach  icmp.o
    0x08008732   0x00000170   Code   RO         2265    i.icmp_input        icmp.o
    0x080088a2   0x0000006c   Code   RO         2266    i.icmp_send_response  icmp.o
    0x0800890e   0x00000012   Code   RO         2267    i.icmp_time_exceeded  icmp.o
    0x08008920   0x00000014   Code   RO         2348    i.inet_chksum       inet_chksum.o
    0x08008934   0x00000056   Code   RO         2349    i.inet_chksum_pbuf  inet_chksum.o
    0x0800898a   0x0000004e   Code   RO         2423    i.ip_addr_isbroadcast  ip_addr.o
    0x080089d8   0x0000014c   Code   RO         2445    i.ip_frag           ip_frag.o
    0x08008b24   0x000001cc   Code   RO         2384    i.ip_input          ip.o
    0x08008cf0   0x00000034   Code   RO         2385    i.ip_output         ip.o
    0x08008d24   0x000000fc   Code   RO         2386    i.ip_output_if      ip.o
    0x08008e20   0x00000198   Code   RO         2446    i.ip_reass          ip_frag.o
    0x08008fb8   0x00000168   Code   RO         2447    i.ip_reass_chain_frag_into_datagram_and_validate  ip_frag.o
    0x08009120   0x0000002c   Code   RO         2448    i.ip_reass_dequeue_datagram  ip_frag.o
    0x0800914c   0x00000054   Code   RO         2449    i.ip_reass_enqueue_new_datagram  ip_frag.o
    0x080091a0   0x00000088   Code   RO         2450    i.ip_reass_free_complete_datagram  ip_frag.o
    0x08009228   0x0000007c   Code   RO         2451    i.ip_reass_remove_oldest_datagram  ip_frag.o
    0x080092a4   0x00000050   Code   RO         2387    i.ip_route          ip.o
    0x080092f4   0x00000080   Code   RO         2603    i.low_level_init    ethernetif.o
    0x08009374   0x000000ac   Code   RO         2604    i.low_level_input   ethernetif.o
    0x08009420   0x00000038   Code   RO         2605    i.low_level_output  ethernetif.o
    0x08009458   0x0000004a   Code   RO         2351    i.lwip_standard_chksum  inet_chksum.o
    0x080094a2   0x00000002   PAD
    0x080094a4   0x00000198   Code   RO          146    i.main              main.o
    0x0800963c   0x00000050   Code   RO         1457    i.mem_free          mem.o
    0x0800968c   0x00000064   Code   RO         1458    i.mem_init          mem.o
    0x080096f0   0x000000f0   Code   RO         1459    i.mem_malloc        mem.o
    0x080097e0   0x0000012c   Code   RO         1460    i.mem_realloc       mem.o
    0x0800990c   0x00000020   Code   RO         1500    i.memp_free         memp.o
    0x0800992c   0x00000064   Code   RO         1501    i.memp_init         memp.o
    0x08009990   0x0000002c   Code   RO         1502    i.memp_malloc       memp.o
    0x080099bc   0x0000006c   Code   RO         1542    i.netif_add         netif.o
    0x08009a28   0x0000000c   Code   RO         1544    i.netif_is_up       netif.o
    0x08009a34   0x00000028   Code   RO         1546    i.netif_set_addr    netif.o
    0x08009a5c   0x0000000c   Code   RO         1547    i.netif_set_default  netif.o
    0x08009a68   0x00000018   Code   RO         1548    i.netif_set_down    netif.o
    0x08009a80   0x0000000c   Code   RO         1549    i.netif_set_gw      netif.o
    0x08009a8c   0x00000078   Code   RO         1550    i.netif_set_ipaddr  netif.o
    0x08009b04   0x0000000c   Code   RO         1551    i.netif_set_netmask  netif.o
    0x08009b10   0x0000002c   Code   RO         1552    i.netif_set_up      netif.o
    0x08009b3c   0x0000000c   Code   RO         2304    i.ntohl             inet.o
    0x08009b48   0x0000000c   Code   RO         2305    i.ntohs             inet.o
    0x08009b54   0x0000019e   Code   RO         1624    i.pbuf_alloc        pbuf.o
    0x08009cf2   0x00000038   Code   RO         1625    i.pbuf_cat          pbuf.o
    0x08009d2a   0x00000016   Code   RO         1626    i.pbuf_chain        pbuf.o
    0x08009d40   0x00000012   Code   RO         1627    i.pbuf_clen         pbuf.o
    0x08009d52   0x000000b6   Code   RO         1629    i.pbuf_copy         pbuf.o
    0x08009e08   0x00000092   Code   RO         1630    i.pbuf_copy_partial  pbuf.o
    0x08009e9a   0x0000006e   Code   RO         1632    i.pbuf_free         pbuf.o
    0x08009f08   0x0000007e   Code   RO         1633    i.pbuf_header       pbuf.o
    0x08009f86   0x00000078   Code   RO         1634    i.pbuf_realloc      pbuf.o
    0x08009ffe   0x0000000a   Code   RO         1635    i.pbuf_ref          pbuf.o
    0x0800a008   0x00000074   Code   RO         1636    i.pbuf_take         pbuf.o
    0x0800a07c   0x00000088   Code   RO         1461    i.plug_holes        mem.o
    0x0800a104   0x00000068   Code   RO         1713    i.raw_input         raw.o
    0x0800a16c   0x0000006e   Code   RO         5341    i.sqrt              m_wm.l(sqrt.o)
    0x0800a1da   0x00000002   PAD
    0x0800a1dc   0x0000009c   Code   RO         1779    i.tcp_abandon       tcp.o
    0x0800a278   0x000000b8   Code   RO         1782    i.tcp_alloc         tcp.o
    0x0800a330   0x00000004   Code   RO         1783    i.tcp_arg           tcp.o
    0x0800a334   0x000000fc   Code   RO         1785    i.tcp_close         tcp.o
    0x0800a430   0x00000118   Code   RO         1786    i.tcp_connect       tcp.o
    0x0800a548   0x00000038   Code   RO          547    i.tcp_echoclient_connect  tcp_echoclient.o
    0x0800a580   0x000000b0   Code   RO          548    i.tcp_echoclient_connected  tcp_echoclient.o
    0x0800a630   0x00000030   Code   RO          549    i.tcp_echoclient_connection_close  tcp_echoclient.o
    0x0800a660   0x00000048   Code   RO          550    i.tcp_echoclient_poll  tcp_echoclient.o
    0x0800a6a8   0x000001e0   Code   RO          551    i.tcp_echoclient_recv  tcp_echoclient.o
    0x0800a888   0x00000058   Code   RO          552    i.tcp_echoclient_send  tcp_echoclient.o
    0x0800a8e0   0x0000001e   Code   RO          553    i.tcp_echoclient_sent  tcp_echoclient.o
    0x0800a8fe   0x0000002e   Code   RO         1788    i.tcp_eff_send_mss  tcp.o
    0x0800a92c   0x000003f6   Code   RO         2024    i.tcp_enqueue       tcp_out.o
    0x0800ad22   0x00000002   PAD
    0x0800ad24   0x00000078   Code   RO         1790    i.tcp_fasttmr       tcp.o
    0x0800ad9c   0x0000046c   Code   RO         1976    i.tcp_input         tcp_in.o
    0x0800b208   0x00000052   Code   RO         2025    i.tcp_keepalive     tcp_out.o
    0x0800b25a   0x00000002   PAD
    0x0800b25c   0x00000058   Code   RO         1791    i.tcp_kill_prio     tcp.o
    0x0800b2b4   0x0000003c   Code   RO         1792    i.tcp_kill_timewait  tcp.o
    0x0800b2f0   0x00000134   Code   RO         1977    i.tcp_listen_input  tcp_in.o
    0x0800b424   0x0000000a   Code   RO         1794    i.tcp_new           tcp.o
    0x0800b42e   0x00000002   PAD
    0x0800b430   0x00000078   Code   RO         1795    i.tcp_new_port      tcp.o
    0x0800b4a8   0x0000001c   Code   RO         1796    i.tcp_next_iss      tcp.o
    0x0800b4c4   0x000001e0   Code   RO         2026    i.tcp_output        tcp_out.o
    0x0800b6a4   0x000000cc   Code   RO         2027    i.tcp_output_segment  tcp_out.o
    0x0800b770   0x0000008a   Code   RO         2028    i.tcp_output_set_header  tcp_out.o
    0x0800b7fa   0x00000002   PAD
    0x0800b7fc   0x000000b8   Code   RO         1978    i.tcp_parseopt      tcp_in.o
    0x0800b8b4   0x00000036   Code   RO         1797    i.tcp_pcb_purge     tcp.o
    0x0800b8ea   0x00000002   PAD
    0x0800b8ec   0x00000098   Code   RO         1798    i.tcp_pcb_remove    tcp.o
    0x0800b984   0x0000000a   Code   RO         1799    i.tcp_poll          tcp.o
    0x0800b98e   0x00000002   PAD
    0x0800b990   0x00000584   Code   RO         1979    i.tcp_process       tcp_in.o
    0x0800bf14   0x00000630   Code   RO         1980    i.tcp_receive       tcp_in.o
    0x0800c544   0x00000006   Code   RO         1800    i.tcp_recv          tcp.o
    0x0800c54a   0x0000002e   Code   RO         1801    i.tcp_recv_null     tcp.o
    0x0800c578   0x00000046   Code   RO         1802    i.tcp_recved        tcp.o
    0x0800c5be   0x00000050   Code   RO         2029    i.tcp_rexmit        tcp_out.o
    0x0800c60e   0x00000072   Code   RO         2030    i.tcp_rexmit_fast   tcp_out.o
    0x0800c680   0x0000003a   Code   RO         2031    i.tcp_rexmit_rto    tcp_out.o
    0x0800c6ba   0x000000aa   Code   RO         2032    i.tcp_rst           tcp_out.o
    0x0800c764   0x00000020   Code   RO         1803    i.tcp_seg_free      tcp.o
    0x0800c784   0x0000001e   Code   RO         1804    i.tcp_segs_free     tcp.o
    0x0800c7a2   0x0000001c   Code   RO         2033    i.tcp_send_ctrl     tcp_out.o
    0x0800c7be   0x0000005e   Code   RO         2034    i.tcp_send_empty_ack  tcp_out.o
    0x0800c81c   0x00000006   Code   RO         1805    i.tcp_sent          tcp.o
    0x0800c822   0x00000002   PAD
    0x0800c824   0x000002e0   Code   RO         1807    i.tcp_slowtmr       tcp.o
    0x0800cb04   0x000000b4   Code   RO         1981    i.tcp_timewait_input  tcp_in.o
    0x0800cbb8   0x00000024   Code   RO         1808    i.tcp_tmr           tcp.o
    0x0800cbdc   0x00000048   Code   RO         1809    i.tcp_update_rcv_ann_wnd  tcp.o
    0x0800cc24   0x00000048   Code   RO         2035    i.tcp_write         tcp_out.o
    0x0800cc6c   0x000000a8   Code   RO         2036    i.tcp_zero_window_probe  tcp_out.o
    0x0800cd14   0x00000070   Code   RO         2106    i.udp_bind          udp.o
    0x0800cd84   0x000001c8   Code   RO         2109    i.udp_input         udp.o
    0x0800cf4c   0x000000ca   Code   RO         2115    i.udp_sendto_if     udp.o
    0x0800d016   0x00000002   PAD
    0x0800d018   0x000000ec   Code   RO         2509    i.update_arp_entry  etharp.o
    0x0800d104   0x00000024   Data   RO         1504    .constdata          memp.o
    0x0800d128   0x00000014   Data   RO         1810    .constdata          tcp.o
    0x0800d13c   0x00000008   Data   RO         2424    .constdata          ip_addr.o
    0x0800d144   0x0000000c   Data   RO         2511    .constdata          etharp.o
    0x0800d150   0x000029d0   Data   RO         4970    .constdata          stm324xg_eval_lcd.o
    0x0800fb20   0x0000005c   Data   RO         5212    .constdata          stm324xg_eval.o
    0x0800fb7c   0x00000004   PAD
    0x0800fb80   0x00000088   Data   RO         5316    .constdata          m_wm.l(pow.o)
    0x0800fc08   0x00000030   Data   RO         5644    .constdata          m_wm.l(cos_i.o)
    0x0800fc38   0x00000008   Data   RO         5652    .constdata          m_wm.l(qnan.o)
    0x0800fc40   0x000000c8   Data   RO         5655    .constdata          m_wm.l(rred.o)
    0x0800fd08   0x00000028   Data   RO         5659    .constdata          m_wm.l(sin_i.o)
    0x0800fd30   0x00000075   Data   RO         1811    .conststring        tcp.o
    0x0800fda5   0x00000003   PAD
    0x0800fda8   0x00000020   Data   RO         5709    Region$$Table       anon$$obj.o


    Execution Region RW_IRAM1 (Base: 0x20000000, Size: 0x0000fc88, Max: 0x00020000, ABSOLUTE, COMPRESSED[0x000000b4])

    Base Addr    Size         Type   Attr      Idx    E Section Name        Object

    0x20000000   0x0000011b   Data   RW          148    .data               main.o
    0x2000011b   0x00000001   PAD
    0x2000011c   0x0000000c   Data   RW          292    .data               netconf.o
    0x20000128   0x00000005   Data   RW          358    .data               stm32f4x7_eth_bsp.o
    0x2000012d   0x00000003   PAD
    0x20000130   0x00000038   Data   RW          555    .data               tcp_echoclient.o
    0x20000168   0x00000169   Data   RW          628    .data               data_collection.o
    0x200002d1   0x00000003   PAD
    0x200002d4   0x00000015   Data   RW          830    .data               execute.o
    0x200002e9   0x00000003   PAD
    0x200002ec   0x00000010   Data   RW          914    .data               sample.o
    0x200002fc   0x00000003   Data   RW          961    .data               adc_yz.o
    0x200002ff   0x00000001   PAD
    0x20000300   0x00000004   Data   RW         1235    .data               dhcp.o
    0x20000304   0x0000000d   Data   RW         1463    .data               mem.o
    0x20000311   0x00000003   PAD
    0x20000314   0x00000009   Data   RW         1553    .data               netif.o
    0x2000031d   0x00000003   PAD
    0x20000320   0x00000004   Data   RW         1719    .data               raw.o
    0x20000324   0x0000004c   Data   RW         1812    .data               tcp.o
    0x20000370   0x00000020   Data   RW         1983    .data               tcp_in.o
    0x20000390   0x00000004   Data   RW         2116    .data               udp.o
    0x20000394   0x0000000a   Data   RW         2388    .data               ip.o
    0x2000039e   0x00000002   PAD
    0x200003a0   0x00000006   Data   RW         2454    .data               ip_frag.o
    0x200003a6   0x00000001   Data   RW         2512    .data               etharp.o
    0x200003a7   0x00000010   Data   RW         3735    .data               stm32f4xx_rcc.o
    0x200003b7   0x00000001   PAD
    0x200003b8   0x00000010   Data   RW         4496    .data               stm32f4x7_eth.o
    0x200003c8   0x00000028   Data   RW         4971    .data               stm324xg_eval_lcd.o
    0x200003f0   0x0000002c   Data   RW         5213    .data               stm324xg_eval.o
    0x2000041c   0x00000004   Data   RW         5678    .data               mc_w.l(stdout.o)
    0x20000420   0x00000004   Data   RW         5692    .data               mc_w.l(errno.o)
    0x20000424   0x00000004   PAD
    0x20000428   0x00000610   Zero   RW          147    .bss                main.o
    0x20000a38   0x00000038   Zero   RW          291    .bss                netconf.o
    0x20000a70   0x00002710   Zero   RW          554    .bss                tcp_echoclient.o
    0x20003180   0x00000d80   Zero   RW          626    .bss                data_collection.o
    0x20003f00   0x00000054   Zero   RW          913    .bss                sample.o
    0x20003f54   0x00002814   Zero   RW         1462    .bss                mem.o
    0x20006768   0x00004d8f   Zero   RW         1503    .bss                memp.o
    0x2000b4f7   0x00000001   PAD
    0x2000b4f8   0x00000014   Zero   RW         1982    .bss                tcp_in.o
    0x2000b50c   0x000005e0   Zero   RW         2453    .bss                ip_frag.o
    0x2000baec   0x000000c8   Zero   RW         2510    .bss                etharp.o
    0x2000bbb4   0x00003cd4   Zero   RW         4495    .bss                stm32f4x7_eth.o
    0x2000f888   0x00000400   Zero   RW          137    STACK               startup_stm32f4xx.o


==============================================================================

Image component sizes


      Code (inc. data)   RO Data    RW Data    ZI Data      Debug   Object Name

       328         56          0          3          0      20604   adc_yz.o
       542         22          0          0          0       5750   autoip.o
     11048        966          0        361       3456      14778   data_collection.o
       740         14          0          4          0      12111   dhcp.o
      2356         48         12          1        200      14743   etharp.o
       448         42          0          0          0       5210   ethernetif.o
      3204        296          0         21          0       6580   execute.o
       512          0          0          0          0       4242   icmp.o
        62          0          0          0          0       2576   inet.o
       180          0          0          0          0       6105   inet_chksum.o
         0          0          0          0          0       2107   init.o
       844         30          0         10          0       7828   ip.o
        78          0          8          0          0       6045   ip_addr.o
      1488         40          0          6       1504       8801   ip_frag.o
       444         86          0        283       1552      68201   main.o
       856         68          0         13      10260       5609   mem.o
       176         26         36          0      19855       4354   memp.o
        40          0          0          0          0        654   misc.o
       304         72          0         12         56      13411   netconf.o
       384         24          0          9          0       8912   netif.o
      1320          0          0          0          0       9797   pbuf.o
       104          4          0          4          0       1912   raw.o
      1708        228          0          0          0       2602   rectify.o
       492         88          0         16         84       3784   sample.o
        36          8        392          0       1024        832   startup_stm32f4xx.o
       256         58         92         44          0       3548   stm324xg_eval.o
       392         36      10704         40          0       9526   stm324xg_eval_lcd.o
       328         36          0          0          0       1347   stm32f4_gpio_int.o
      2108        166          0         16      15572      17062   stm32f4x7_eth.o
       830         86          0          5          0      22459   stm32f4x7_eth_bsp.o
       242          0          0          0          0       3587   stm32f4xx_gpio.o
       200         12          0          0          0       7378   stm32f4xx_it.o
       356         40          0         16          0       5756   stm32f4xx_rcc.o
        12          6          0          0          0        694   stm32f4xx_syscfg.o
       270          8          0          0          0       3852   stm32f4xx_usart.o
       340         32          0          0          0     287393   system_stm32f4xx.o
      2598        146        137         76          0      27264   tcp.o
       950         62          0         56      10000       6723   tcp_echoclient.o
      4800        260          0         32         20      15992   tcp_in.o
      2702         16          0          0          0      12938   tcp_out.o
       770         10          0          4          0      13252   udp.o

    ----------------------------------------------------------------------
     44896       3092      11420       1052      63584     676319   Object Totals
         0          0         32          0          0          0   (incl. Generated)
        48          0          7         20          1          0   (incl. Padding)

    ----------------------------------------------------------------------

      Code (inc. data)   RO Data    RW Data    ZI Data      Debug   Library Member Name

       216         16          0          0          0        152   cos.o
       368         46         48          0          0        200   cos_i.o
        32          8          0          0          0        124   dunder.o
        44          0          0          0          0        248   fabs.o
        48          0          0          0          0        124   fpclassify.o
       248          0          0          0          0        152   poly.o
      3128        304        136          0          0        216   pow.o
         0          0          8          0          0          0   qnan.o
      1080        142        200          0          0        188   rred.o
       216         16          0          0          0        152   sin.o
       304         24         40          0          0        208   sin_i.o
       232          0          0          0          0        296   sqrt.o
        86          0          0          0          0          0   __dczerorl2.o
         0          0          0          0          0          0   entry.o
         0          0          0          0          0          0   entry10a.o
         0          0          0          0          0          0   entry11a.o
         8          4          0          0          0          0   entry2.o
         4          0          0          0          0          0   entry5.o
         0          0          0          0          0          0   entry7b.o
         0          0          0          0          0          0   entry8b.o
         8          4          0          0          0          0   entry9a.o
        12          6          0          4          0         68   errno.o
        30          0          0          0          0          0   handlers.o
        36          8          0          0          0         68   init.o
         0          0          0          0          0          0   iusefp.o
        30          0          0          0          0         68   llshl.o
        36          0          0          0          0         68   llsshr.o
        32          0          0          0          0         68   llushr.o
        26          0          0          0          0         80   memcmp.o
        36          0          0          0          0         68   memcpya.o
        36          0          0          0          0        108   memseta.o
       422         20          0          0          0        336   printf1.o
         0          0          0          4          0          0   stdout.o
        14          0          0          0          0         68   strlen.o
        44          0          0          0          0         80   uidiv.o
        40          2          0          0          0         68   cdcmple.o
        40          2          0          0          0         68   cdrcmple.o
       334          0          0          0          0        148   dadd.o
       222          0          0          0          0        100   ddiv.o
       182          0          0          0          0        176   depilogue.o
        62          0          0          0          0         80   dfixi.o
        50          0          0          0          0         76   dfixui.o
        34          0          0          0          0         76   dflti.o
        26          0          0          0          0         76   dfltui.o
       228          0          0          0          0         96   dmul.o
        46          0          0          0          0         80   dscalb.o
       162          0          0          0          0        100   dsqrt.o

    ----------------------------------------------------------------------
      8220        602        432          8          4       4284   Library Totals
        18          0          0          0          4          0   (incl. Padding)

    ----------------------------------------------------------------------

      Code (inc. data)   RO Data    RW Data    ZI Data      Debug   Library Name

      5916        556        432          0          0       2060   m_wm.l
       860         42          0          8          0       1080   mc_w.l
      1426          4          0          0          0       1144   mf_w.l

    ----------------------------------------------------------------------
      8220        602        432          8          4       4284   Library Totals

    ----------------------------------------------------------------------

==============================================================================


      Code (inc. data)   RO Data    RW Data    ZI Data      Debug   

     53116       3694      11852       1060      63588     654943   Grand Totals
     53116       3694      11852        180      63588     654943   ELF Image Totals (compressed)
     53116       3694      11852        180          0          0   ROM Totals

==============================================================================

    Total RO  Size (Code + RO Data)                64968 (  63.45kB)
    Total RW  Size (RW Data + ZI Data)             64648 (  63.13kB)
    Total ROM Size (Code + RO Data + RW Data)      65148 (  63.62kB)

==============================================================================

